ARM Linker, 5.02 [Build 28] [MDK-ARM Standard]

==============================================================================

Section Cross References

    main.o(.text) refers to sys.o(.text) for System_Clock_Init
    main.o(.text) refers to delay.o(.text) for delay_init
    main.o(.text) refers to control_gpio.o(.text) for Control_GPIO_Init
    main.o(.text) refers to ra8875.o(.text) for RA8875_GPIO_Init
    main.o(.text) refers to scan.o(.text) for Scan_GPIO_Init
    main.o(.text) refers to timer.o(.text) for TIM2_Int_Init
    main.o(.text) refers to ad5722r.o(.text) for AD5722R_GPIO_Init
    main.o(.text) refers to flashstorage.o(.text) for Flash_Read_data
    main.o(.text) refers to fmul.o(x$fpl$fmul) for __aeabi_fmul
    main.o(.text) refers to fdiv.o(x$fpl$fdiv) for __aeabi_fdiv
    main.o(.text) refers to ffixu.o(x$fpl$ffixu) for __aeabi_f2uiz
    main.o(.text) refers to f2d.o(x$fpl$f2d) for __aeabi_f2d
    main.o(.text) refers to wdg.o(.text) for IWDG_Init
    main.o(.text) refers to main.o(.data) for i
    main.o(.text) refers to main.o(.bss) for parameter_done_float
    main.o(.text) refers to stm32f10x_tim.o(.text) for TIM_Cmd
    main.o(.text) refers to fleqf.o(x$fpl$fleqf) for __aeabi_cfcmple
    main.o(.text) refers to frleqf.o(x$fpl$frleqf) for __aeabi_cfrcmple
    main.o(.text) refers to dflt_clz.o(x$fpl$dfltu) for __aeabi_ui2d
    main.o(.text) refers to pow.o(i.pow) for pow
    main.o(.text) refers to daddsub_clz.o(x$fpl$dadd) for __aeabi_dadd
    main.o(.text) refers to dfixu.o(x$fpl$dfixu) for __aeabi_d2uiz
    system_stm32f10x.o(.text) refers to system_stm32f10x.o(.data) for SystemCoreClock
    startup_stm32f10x_hd.o(STACK) refers (Special) to heapauxi.o(.text) for __use_two_region_memory
    startup_stm32f10x_hd.o(HEAP) refers (Special) to heapauxi.o(.text) for __use_two_region_memory
    startup_stm32f10x_hd.o(RESET) refers (Special) to heapauxi.o(.text) for __use_two_region_memory
    startup_stm32f10x_hd.o(RESET) refers to startup_stm32f10x_hd.o(STACK) for __initial_sp
    startup_stm32f10x_hd.o(RESET) refers to startup_stm32f10x_hd.o(.text) for Reset_Handler
    startup_stm32f10x_hd.o(RESET) refers to stm32f10x_it.o(.text) for NMI_Handler
    startup_stm32f10x_hd.o(RESET) refers to main.o(.text) for TIM2_IRQHandler
    startup_stm32f10x_hd.o(RESET) refers to usart.o(.text) for USART1_IRQHandler
    startup_stm32f10x_hd.o(.text) refers (Special) to heapauxi.o(.text) for __use_two_region_memory
    startup_stm32f10x_hd.o(.text) refers to system_stm32f10x.o(.text) for SystemInit
    startup_stm32f10x_hd.o(.text) refers to __main.o(!!!main) for __main
    startup_stm32f10x_hd.o(.text) refers to startup_stm32f10x_hd.o(HEAP) for Heap_Mem
    startup_stm32f10x_hd.o(.text) refers to startup_stm32f10x_hd.o(STACK) for Stack_Mem
    exti.o(.text) refers to stm32f10x_rcc.o(.text) for RCC_APB2PeriphClockCmd
    exti.o(.text) refers to stm32f10x_gpio.o(.text) for GPIO_EXTILineConfig
    exti.o(.text) refers to stm32f10x_exti.o(.text) for EXTI_Init
    exti.o(.text) refers to misc.o(.text) for NVIC_PriorityGroupConfig
    lcd.o(.text) refers to stm32f10x_rcc.o(.text) for RCC_APB2PeriphClockCmd
    lcd.o(.text) refers to stm32f10x_gpio.o(.text) for GPIO_Init
    lcd.o(.text) refers to delay.o(.text) for delay_ms
    lcd.o(.text) refers to strlen.o(.text) for strlen
    scan.o(.text) refers to stm32f10x_rcc.o(.text) for RCC_APB2PeriphClockCmd
    scan.o(.text) refers to stm32f10x_gpio.o(.text) for GPIO_Init
    scan.o(.text) refers to delay.o(.text) for delay_us
    ad5722r.o(.text) refers to stm32f10x_rcc.o(.text) for RCC_APB2PeriphClockCmd
    ad5722r.o(.text) refers to stm32f10x_gpio.o(.text) for GPIO_Init
    ad5722r.o(.text) refers to delay.o(.text) for delay_us
    ad5722r.o(.text) refers to drleqf.o(x$fpl$drleqf) for __aeabi_cdrcmple
    ad5722r.o(.text) refers to dleqf.o(x$fpl$dleqf) for __aeabi_cdcmple
    ad5722r.o(.text) refers to dmul.o(x$fpl$dmul) for __aeabi_dmul
    ad5722r.o(.text) refers to ddiv.o(x$fpl$ddiv) for __aeabi_ddiv
    ad5722r.o(.text) refers to daddsub_clz.o(x$fpl$dsub) for __aeabi_dsub
    ad5722r.o(.text) refers to dfixu.o(x$fpl$dfixu) for __aeabi_d2uiz
    ra8875.o(.text) refers to stm32f10x_rcc.o(.text) for RCC_APB2PeriphClockCmd
    ra8875.o(.text) refers to stm32f10x_gpio.o(.text) for GPIO_Init
    ra8875.o(.text) refers to delay.o(.text) for delay_ms
    ra8875.o(.text) refers to dflt_clz.o(x$fpl$dfltu) for __aeabi_ui2d
    ra8875.o(.text) refers to dmul.o(x$fpl$dmul) for __aeabi_dmul
    ra8875.o(.text) refers to daddsub_clz.o(x$fpl$dadd) for __aeabi_dadd
    ra8875.o(.text) refers to dfixu.o(x$fpl$dfixu) for __aeabi_d2uiz
    ra8875.o(.text) refers to daddsub_clz.o(x$fpl$dsub) for __aeabi_dsub
    ra8875.o(.text) refers to fmul.o(x$fpl$fmul) for __aeabi_fmul
    ra8875.o(.text) refers to faddsub_clz.o(x$fpl$fadd) for __aeabi_fadd
    ra8875.o(.text) refers to pow.o(i.pow) for pow
    ra8875.o(.text) refers to f2d.o(x$fpl$f2d) for __aeabi_f2d
[...]
    ..\CORE\startup_stm32f10x_hd.s           0x00000000   Number         0  startup_stm32f10x_hd.o ABSOLUTE
    ..\HARDWARE\AD5722R\AD5722R.c            0x00000000   Number         0  ad5722r.o ABSOLUTE
    ..\HARDWARE\EXTI\exti.c                  0x00000000   Number         0  exti.o ABSOLUTE
    ..\HARDWARE\FlashStorage\FlashStorage.c  0x00000000   Number         0  flashstorage.o ABSOLUTE
    ..\HARDWARE\LCD\LCD.c                    0x00000000   Number         0  lcd.o ABSOLUTE
    ..\HARDWARE\RA8875\RA8875.c              0x00000000   Number         0  ra8875.o ABSOLUTE
    ..\HARDWARE\SCAN\scan.c                  0x00000000   Number         0  scan.o ABSOLUTE
    ..\HARDWARE\TIMER\timer.c                0x00000000   Number         0  timer.o ABSOLUTE
    ..\HARDWARE\WDG\wdg.c                    0x00000000   Number         0  wdg.o ABSOLUTE
    ..\HARDWARE\control_gpio\control_gpio.c  0x00000000   Number         0  control_gpio.o ABSOLUTE
    ..\STM32F10x_FWLib\src\misc.c            0x00000000   Number         0  misc.o ABSOLUTE
    ..\STM32F10x_FWLib\src\stm32f10x_adc.c   0x00000000   Number         0  stm32f10x_adc.o ABSOLUTE
    ..\STM32F10x_FWLib\src\stm32f10x_bkp.c   0x00000000   Number         0  stm32f10x_bkp.o ABSOLUTE
    ..\STM32F10x_FWLib\src\stm32f10x_can.c   0x00000000   Number         0  stm32f10x_can.o ABSOLUTE
    ..\STM32F10x_FWLib\src\stm32f10x_cec.c   0x00000000   Number         0  stm32f10x_cec.o ABSOLUTE
    ..\STM32F10x_FWLib\src\stm32f10x_crc.c   0x00000000   Number         0  stm32f10x_crc.o ABSOLUTE
    ..\STM32F10x_FWLib\src\stm32f10x_dac.c   0x00000000   Number         0  stm32f10x_dac.o ABSOLUTE
    ..\STM32F10x_FWLib\src\stm32f10x_dbgmcu.c 0x00000000   Number         0  stm32f10x_dbgmcu.o ABSOLUTE
    ..\STM32F10x_FWLib\src\stm32f10x_dma.c   0x00000000   Number         0  stm32f10x_dma.o ABSOLUTE
    ..\STM32F10x_FWLib\src\stm32f10x_exti.c  0x00000000   Number         0  stm32f10x_exti.o ABSOLUTE
    ..\STM32F10x_FWLib\src\stm32f10x_flash.c 0x00000000   Number         0  stm32f10x_flash.o ABSOLUTE
    ..\STM32F10x_FWLib\src\stm32f10x_fsmc.c  0x00000000   Number         0  stm32f10x_fsmc.o ABSOLUTE
    ..\STM32F10x_FWLib\src\stm32f10x_gpio.c  0x00000000   Number         0  stm32f10x_gpio.o ABSOLUTE
    ..\STM32F10x_FWLib\src\stm32f10x_i2c.c   0x00000000   Number         0  stm32f10x_i2c.o ABSOLUTE
    ..\STM32F10x_FWLib\src\stm32f10x_iwdg.c  0x00000000   Number         0  stm32f10x_iwdg.o ABSOLUTE
    ..\STM32F10x_FWLib\src\stm32f10x_pwr.c   0x00000000   Number         0  stm32f10x_pwr.o ABSOLUTE
    ..\STM32F10x_FWLib\src\stm32f10x_rcc.c   0x00000000   Number         0  stm32f10x_rcc.o ABSOLUTE
    ..\STM32F10x_FWLib\src\stm32f10x_rtc.c   0x00000000   Number         0  stm32f10x_rtc.o ABSOLUTE
    ..\STM32F10x_FWLib\src\stm32f10x_sdio.c  0x00000000   Number         0  stm32f10x_sdio.o ABSOLUTE
    ..\STM32F10x_FWLib\src\stm32f10x_spi.c   0x00000000   Number         0  stm32f10x_spi.o ABSOLUTE
    ..\STM32F10x_FWLib\src\stm32f10x_tim.c   0x00000000   Number         0  stm32f10x_tim.o ABSOLUTE
    ..\STM32F10x_FWLib\src\stm32f10x_usart.c 0x00000000   Number         0  stm32f10x_usart.o ABSOLUTE
    ..\STM32F10x_FWLib\src\stm32f10x_wwdg.c  0x00000000   Number         0  stm32f10x_wwdg.o ABSOLUTE
    ..\SYSTEM\delay\delay.c                  0x00000000   Number         0  delay.o ABSOLUTE
    ..\SYSTEM\sys\sys.c                      0x00000000   Number         0  sys.o ABSOLUTE
    ..\SYSTEM\usart\usart.c                  0x00000000   Number         0  usart.o ABSOLUTE
    ..\\CORE\\core_cm3.c                     0x00000000   Number         0  core_cm3.o ABSOLUTE
    dc.s                                     0x00000000   Number         0  dc.o ABSOLUTE
    main.c                                   0x00000000   Number         0  main.o ABSOLUTE
    stm32f10x_it.c                           0x00000000   Number         0  stm32f10x_it.o ABSOLUTE
    system_stm32f10x.c                       0x00000000   Number         0  system_stm32f10x.o ABSOLUTE
    RESET                                    0x08000000   Section      304  startup_stm32f10x_hd.o(RESET)
    !!!main                                  0x08000130   Section        8  __main.o(!!!main)
    !!!scatter                               0x08000138   Section       52  __scatter.o(!!!scatter)
    !!dczerorl2                              0x0800016c   Section       90  __dczerorl2.o(!!dczerorl2)
    !!handler_zi                             0x080001c8   Section       28  __scatter_zi.o(!!handler_zi)
    .ARM.Collect$$libinit$$00000000          0x080001e4   Section        2  libinit.o(.ARM.Collect$$libinit$$00000000)
    .ARM.Collect$$libinit$$00000002          0x080001e6   Section        0  libinit2.o(.ARM.Collect$$libinit$$00000002)
    .ARM.Collect$$libinit$$00000008          0x080001e6   Section        0  libinit2.o(.ARM.Collect$$libinit$$00000008)
    .ARM.Collect$$libinit$$0000000A          0x080001e6   Section        0  libinit2.o(.ARM.Collect$$libinit$$0000000A)
    .ARM.Collect$$libinit$$0000000C          0x080001e6   Section        0  libinit2.o(.ARM.Collect$$libinit$$0000000C)
    .ARM.Collect$$libinit$$0000000F          0x080001e6   Section        0  libinit2.o(.ARM.Collect$$libinit$$0000000F)
    .ARM.Collect$$libinit$$00000011          0x080001e6   Section        0  libinit2.o(.ARM.Collect$$libinit$$00000011)
    .ARM.Collect$$libinit$$00000013          0x080001e6   Section        0  libinit2.o(.ARM.Collect$$libinit$$00000013)
    .ARM.Collect$$libinit$$00000015          0x080001e6   Section        0  libinit2.o(.ARM.Collect$$libinit$$00000015)
    .ARM.Collect$$libinit$$00000017          0x080001e6   Section        0  libinit2.o(.ARM.Collect$$libinit$$00000017)
    .ARM.Collect$$libinit$$00000019          0x080001e6   Section        0  libinit2.o(.ARM.Collect$$libinit$$00000019)
    .ARM.Collect$$libinit$$0000001B          0x080001e6   Section        0  libinit2.o(.ARM.Collect$$libinit$$0000001B)
    .ARM.Collect$$libinit$$0000001D          0x080001e6   Section        0  libinit2.o(.ARM.Collect$$libinit$$0000001D)
    .ARM.Collect$$libinit$$0000001F          0x080001e6   Section        0  libinit2.o(.ARM.Collect$$libinit$$0000001F)
    .ARM.Collect$$libinit$$00000021          0x080001e6   Section        0  libinit2.o(.ARM.Collect$$libinit$$00000021)
    .ARM.Collect$$libinit$$00000023          0x080001e6   Section        0  libinit2.o(.ARM.Collect$$libinit$$00000023)
    .ARM.Collect$$libinit$$0000002A          0x080001e6   Section        0  libinit2.o(.ARM.Collect$$libinit$$0000002A)
    .ARM.Collect$$libinit$$0000002C          0x080001e6   Section        0  libinit2.o(.ARM.Collect$$libinit$$0000002C)
    .ARM.Collect$$libinit$$0000002E          0x080001e6   Section        0  libinit2.o(.ARM.Collect$$libinit$$0000002E)
    .ARM.Collect$$libinit$$00000030          0x080001e6   Section        0  libinit2.o(.ARM.Collect$$libinit$$00000030)
    .ARM.Collect$$libinit$$00000031          0x080001e6   Section        2  libinit2.o(.ARM.Collect$$libinit$$00000031)
    .ARM.Collect$$libshutdown$$00000000      0x080001e8   Section        2  libshutdown.o(.ARM.Collect$$libshutdown$$00000000)
    .ARM.Collect$$libshutdown$$00000003      0x080001ea   Section        0  libshutdown2.o(.ARM.Collect$$libshutdown$$00000003)
    .ARM.Collect$$libshutdown$$00000006      0x080001ea   Section        0  libshutdown2.o(.ARM.Collect$$libshutdown$$00000006)
    .ARM.Collect$$libshutdown$$00000009      0x080001ea   Section        0  libshutdown2.o(.ARM.Collect$$libshutdown$$00000009)
    .ARM.Collect$$libshutdown$$0000000B      0x080001ea   Section        0  libshutdown2.o(.ARM.Collect$$libshutdown$$0000000B)
    .ARM.Collect$$libshutdown$$0000000E      0x080001ea   Section        0  libshutdown2.o(.ARM.Collect$$libshutdown$$0000000E)
    .ARM.Collect$$libshutdown$$0000000F      0x080001ea   Section        2  libshutdown2.o(.ARM.Collect$$libshutdown$$0000000F)
    .ARM.Collect$$rtentry$$00000000          0x080001ec   Section        0  rtentry.o(.ARM.Collect$$rtentry$$00000000)
    .ARM.Collect$$rtentry$$00000002          0x080001ec   Section        0  rtentry2.o(.ARM.Collect$$rtentry$$00000002)
    .ARM.Collect$$rtentry$$00000004          0x080001ec   Section        6  rtentry4.o(.ARM.Collect$$rtentry$$00000004)
    .ARM.Collect$$rtentry$$00000009          0x080001f2   Section        0  rtentry2.o(.ARM.Collect$$rtentry$$00000009)
    .ARM.Collect$$rtentry$$0000000A          0x080001f2   Section        4  rtentry2.o(.ARM.Collect$$rtentry$$0000000A)
    .ARM.Collect$$rtentry$$0000000C          0x080001f6   Section        0  rtentry2.o(.ARM.Collect$$rtentry$$0000000C)
    .ARM.Collect$$rtentry$$0000000D          0x080001f6   Section        8  rtentry2.o(.ARM.Collect$$rtentry$$0000000D)
    .ARM.Collect$$rtexit$$00000000           0x080001fe   Section        2  rtexit.o(.ARM.Collect$$rtexit$$00000000)
    .ARM.Collect$$rtexit$$00000002           0x08000200   Section        0  rtexit2.o(.ARM.Collect$$rtexit$$00000002)
    .ARM.Collect$$rtexit$$00000003           0x08000200   Section        4  rtexit2.o(.ARM.Collect$$rtexit$$00000003)
    .ARM.Collect$$rtexit$$00000004           0x08000204   Section        6  rtexit2.o(.ARM.Collect$$rtexit$$00000004)
    .text                                    0x0800020c   Section        0  main.o(.text)
    .text                                    0x080020a0   Section        0  stm32f10x_it.o(.text)
    .text                                    0x080020bc   Section        0  system_stm32f10x.o(.text)
    SetSysClockTo72                          0x080020bd   Thumb Code   192  system_stm32f10x.o(.text)
    SetSysClock                              0x0800217d   Thumb Code     8  system_stm32f10x.o(.text)
    .text                                    0x08002284   Section       64  startup_stm32f10x_hd.o(.text)
    .text                                    0x080022c4   Section        0  scan.o(.text)
    .text                                    0x080023c8   Section        0  ad5722r.o(.text)
    .text                                    0x0800257c   Section        0  ra8875.o(.text)
    .text                                    0x08004a08   Section        0  flashstorage.o(.text)
    .text                                    0x08004ab4   Section        0  wdg.o(.text)
    .text                                    0x08004ae0   Section        0  timer.o(.text)
    .text                                    0x08004be0   Section        0  control_gpio.o(.text)
    .text                                    0x08004c2c   Section        0  misc.o(.text)
    .text                                    0x08004d08   Section        0  stm32f10x_flash.o(.text)
    .text                                    0x080052bc   Section        0  stm32f10x_gpio.o(.text)
    .text                                    0x08005614   Section        0  stm32f10x_iwdg.o(.text)
    .text                                    0x08005654   Section        0  stm32f10x_rcc.o(.text)
    .text                                    0x080059f0   Section        0  stm32f10x_tim.o(.text)
    TI4_Config                               0x08005e97   Thumb Code   130  stm32f10x_tim.o(.text)
    TI3_Config                               0x08005f2b   Thumb Code   122  stm32f10x_tim.o(.text)
    TI2_Config                               0x08005fbf   Thumb Code   130  stm32f10x_tim.o(.text)
    TI1_Config                               0x08006053   Thumb Code   108  stm32f10x_tim.o(.text)
    .text                                    0x0800680c   Section        0  stm32f10x_usart.o(.text)
    .text                                    0x08006c14   Section        0  delay.o(.text)
    .text                                    0x08006ce4   Section        0  sys.o(.text)
    .text                                    0x08006d64   Section        0  usart.o(.text)
    .text                                    0x08006ea8   Section        2  use_no_semi_2.o(.text)
    .text                                    0x08006eaa   Section        0  heapauxi.o(.text)
    .text                                    0x08006eb0   Section        2  use_no_semi.o(.text)
    .text                                    0x08006eb2   Section        0  _rserrno.o(.text)
    .text                                    0x08006ec8   Section        8  rt_errno_addr_intlibspace.o(.text)
    .text                                    0x08006ed0   Section        8  libspace.o(.text)
    .text                                    0x08006ed8   Section       74  sys_stackheap_outer.o(.text)
    .text                                    0x08006f22   Section        0  exit.o(.text)
    i.__ARM_fpclassify                       0x08006f2e   Section        0  fpclassify.o(i.__ARM_fpclassify)
    i.__kernel_poly                          0x08006f56   Section        0  poly.o(i.__kernel_poly)
    i.__mathlib_dbl_underflow                0x08007000   Section        0  dunder.o(i.__mathlib_dbl_underflow)
    i.pow                                    0x08007010   Section        0  pow.o(i.pow)
    i.sqrt                                   0x080079f0   Section        0  sqrt.o(i.sqrt)
    x$fpl$d2f                                0x08007a40   Section       98  d2f.o(x$fpl$d2f)
    x$fpl$dadd                               0x08007aa4   Section      336  daddsub_clz.o(x$fpl$dadd)
    _dadd1                                   0x08007ab5   Thumb Code     0  daddsub_clz.o(x$fpl$dadd)
    x$fpl$dcheck1                            0x08007bf4   Section       16  dcheck1.o(x$fpl$dcheck1)
    x$fpl$dcmpinf                            0x08007c04   Section       24  dcmpi.o(x$fpl$dcmpinf)
    x$fpl$ddiv                               0x08007c1c   Section      688  ddiv.o(x$fpl$ddiv)
    ddiv_entry                               0x08007c23   Thumb Code     0  ddiv.o(x$fpl$ddiv)
    x$fpl$dfixu                              0x08007ecc   Section       90  dfixu.o(x$fpl$dfixu)
    x$fpl$dflt                               0x08007f26   Section       46  dflt_clz.o(x$fpl$dflt)
    x$fpl$dfltu                              0x08007f54   Section       38  dflt_clz.o(x$fpl$dfltu)
    x$fpl$dleqf                              0x08007f7c   Section      120  dleqf.o(x$fpl$dleqf)
    x$fpl$dmul                               0x08007ff4   Section      340  dmul.o(x$fpl$dmul)
    x$fpl$dnaninf                            0x08008148   Section      156  dnaninf.o(x$fpl$dnaninf)
    x$fpl$dretinf                            0x080081e4   Section       12  dretinf.o(x$fpl$dretinf)
    x$fpl$drleqf                             0x080081f0   Section      108  drleqf.o(x$fpl$drleqf)
    x$fpl$drsb                               0x0800825c   Section       22  daddsub_clz.o(x$fpl$drsb)
    x$fpl$dsqrt                              0x08008274   Section      460  dsqrt_noumaal.o(x$fpl$dsqrt)
    x$fpl$dsub                               0x08008440   Section      468  daddsub_clz.o(x$fpl$dsub)
    _dsub1                                   0x08008451   Thumb Code     0  daddsub_clz.o(x$fpl$dsub)
    x$fpl$f2d                                0x08008614   Section       86  f2d.o(x$fpl$f2d)
    x$fpl$fadd                               0x0800866c   Section      196  faddsub_clz.o(x$fpl$fadd)
    _fadd1                                   0x0800867b   Thumb Code     0  faddsub_clz.o(x$fpl$fadd)
    x$fpl$fcmpinf                            0x08008730   Section       24  fcmpi.o(x$fpl$fcmpinf)
    x$fpl$fdiv                               0x08008748   Section      388  fdiv.o(x$fpl$fdiv)
    _fdiv1                                   0x08008749   Thumb Code     0  fdiv.o(x$fpl$fdiv)
    x$fpl$ffixu                              0x080088cc   Section       62  ffixu.o(x$fpl$ffixu)
    x$fpl$fleqf                              0x0800890c   Section      104  fleqf.o(x$fpl$fleqf)
    x$fpl$fmul                               0x08008974   Section      258  fmul.o(x$fpl$fmul)
    x$fpl$fnaninf                            0x08008a76   Section      140  fnaninf.o(x$fpl$fnaninf)
    x$fpl$fretinf                            0x08008b02   Section       10  fretinf.o(x$fpl$fretinf)
    x$fpl$frleqf                             0x08008b0c   Section       98  frleqf.o(x$fpl$frleqf)
    x$fpl$fsub                               0x08008b70   Section      234  faddsub_clz.o(x$fpl$fsub)
    _fsub1                                   0x08008b7f   Thumb Code     0  faddsub_clz.o(x$fpl$fsub)
    x$fpl$retnan                             0x08008c5a   Section      100  retnan.o(x$fpl$retnan)
    x$fpl$scalbn                             0x08008cbe   Section       92  scalbn.o(x$fpl$scalbn)
    x$fpl$trapveneer                         0x08008d1a   Section       48  trapv.o(x$fpl$trapveneer)
    x$fpl$usenofp                            0x08008d4a   Section        0  usenofp.o(x$fpl$usenofp)
    .constdata                               0x08008d50   Section      136  pow.o(.constdata)
    bp                                       0x08008d50   Data          16  pow.o(.constdata)
    dp_h                                     0x08008d60   Data          16  pow.o(.constdata)
    dp_l                                     0x08008d70   Data          16  pow.o(.constdata)
    L                                        0x08008d80   Data          48  pow.o(.constdata)
    P                                        0x08008db0   Data          40  pow.o(.constdata)
    .constdata                               0x08008dd8   Section        8  qnan.o(.constdata)
    .data                                    0x20000000   Section     1202  main.o(.data)
    .data                                    0x200004b4   Section       20  system_stm32f10x.o(.data)
    .data                                    0x200004c8   Section        1  flashstorage.o(.data)
    .data                                    0x200004c9   Section       20  stm32f10x_rcc.o(.data)
    APBAHBPrescTable                         0x200004c9   Data          16  stm32f10x_rcc.o(.data)
    ADCPrescTable                            0x200004d9   Data           4  stm32f10x_rcc.o(.data)
    .data                                    0x200004de   Section        4  delay.o(.data)
    fac_us                                   0x200004de   Data           1  delay.o(.data)
    fac_ms                                   0x200004e0   Data           2  delay.o(.data)
    .data                                    0x200004e4   Section        8  usart.o(.data)
    .bss                                     0x200004ec   Section       30  main.o(.bss)
    .bss                                     0x2000050a   Section      200  usart.o(.bss)
    .bss                                     0x200005d4   Section       96  libspace.o(.bss)
    HEAP                                     0x20000638   Section      512  startup_stm32f10x_hd.o(HEAP)
    Heap_Mem                                 0x20000638   Data         512  startup_stm32f10x_hd.o(HEAP)
    STACK                                    0x20000838   Section     1024  startup_stm32f10x_hd.o(STACK)
    Stack_Mem                                0x20000838   Data        1024  startup_stm32f10x_hd.o(STACK)
    __initial_sp                             0x20000c38   Data           0  startup_stm32f10x_hd.o(STACK)

    Global Symbols

    Symbol Name                              Value     Ov Type        Size  Object(Section)

    BuildAttributes$$THM_ISAv4$P$D$K$B$S$PE$A:L22UL41UL21$X:L11$S22US41US21$IEEE1$IW$USESV6$~STKCKD$USESV7$~SHL$OTIME$ROPI$IEEEX$EBA8$UX$STANDARDLIB$REQ8$PRES8$EABIv2 0x00000000   Number         0  anon$$obj.o ABSOLUTE
    __ARM_use_no_argv                        0x00000000   Number         0  main.o ABSOLUTE
    __ARM_exceptions_init                     - Undefined Weak Reference
    __alloca_initialize                       - Undefined Weak Reference
    __cpp_initialize__aeabi_                  - Undefined Weak Reference
    __cxa_finalize                            - Undefined Weak Reference
    __rt_locale                               - Undefined Weak Reference
    __sigvec_lookup                           - Undefined Weak Reference
    _atexit_init                              - Undefined Weak Reference
    _call_atexit_fns                          - Undefined Weak Reference
    _clock_init                               - Undefined Weak Reference
    _fp_trap_init                             - Undefined Weak Reference
    _fp_trap_shutdown                         - Undefined Weak Reference
    _get_lc_collate                           - Undefined Weak Reference
    _get_lc_ctype                             - Undefined Weak Reference
    _get_lc_monetary                          - Undefined Weak Reference
    _get_lc_numeric                           - Undefined Weak Reference
    _get_lc_time                              - Undefined Weak Reference
    _getenv_init                              - Undefined Weak Reference
    _handle_redirection                       - Undefined Weak Reference
    _init_alloc                               - Undefined Weak Reference
    _init_user_alloc                          - Undefined Weak Reference
    _initio                                   - Undefined Weak Reference
    _rand_init                                - Undefined Weak Reference
    _signal_finish                            - Undefined Weak Reference
    _signal_init                              - Undefined Weak Reference
    _terminate_alloc                          - Undefined Weak Reference
    _terminate_user_alloc                     - Undefined Weak Reference
    _terminateio                              - Undefined Weak Reference
    __Vectors_Size                           0x00000130   Number         0  startup_stm32f10x_hd.o ABSOLUTE
    __Vectors                                0x08000000   Data           4  startup_stm32f10x_hd.o(RESET)
    __Vectors_End                            0x08000130   Data           0  startup_stm32f10x_hd.o(RESET)
    __main                                   0x08000131   Thumb Code     8  __main.o(!!!main)
    __scatterload                            0x08000139   Thumb Code     0  __scatter.o(!!!scatter)
    __scatterload_rt2                        0x08000139   Thumb Code    44  __scatter.o(!!!scatter)
    __scatterload_rt2_thumb_only             0x08000139   Thumb Code     0  __scatter.o(!!!scatter)
    __scatterload_null                       0x08000147   Thumb Code     0  __scatter.o(!!!scatter)
    __decompress                             0x0800016d   Thumb Code    90  __dczerorl2.o(!!dczerorl2)
    __decompress1                            0x0800016d   Thumb Code     0  __dczerorl2.o(!!dczerorl2)
    __scatterload_zeroinit                   0x080001c9   Thumb Code    28  __scatter_zi.o(!!handler_zi)
    __rt_lib_init                            0x080001e5   Thumb Code     0  libinit.o(.ARM.Collect$$libinit$$00000000)
    __rt_lib_init_alloca_1                   0x080001e7   Thumb Code     0  libinit2.o(.ARM.Collect$$libinit$$0000002C)
    __rt_lib_init_argv_1                     0x080001e7   Thumb Code     0  libinit2.o(.ARM.Collect$$libinit$$0000002A)
    __rt_lib_init_atexit_1                   0x080001e7   Thumb Code     0  libinit2.o(.ARM.Collect$$libinit$$00000019)
    __rt_lib_init_clock_1                    0x080001e7   Thumb Code     0  libinit2.o(.ARM.Collect$$libinit$$0000001F)
    __rt_lib_init_cpp_1                      0x080001e7   Thumb Code     0  libinit2.o(.ARM.Collect$$libinit$$00000030)
    __rt_lib_init_exceptions_1               0x080001e7   Thumb Code     0  libinit2.o(.ARM.Collect$$libinit$$0000002E)
    __rt_lib_init_fp_1                       0x080001e7   Thumb Code     0  libinit2.o(.ARM.Collect$$libinit$$00000002)
    __rt_lib_init_fp_trap_1                  0x080001e7   Thumb Code     0  libinit2.o(.ARM.Collect$$libinit$$0000001D)
    __rt_lib_init_getenv_1                   0x080001e7   Thumb Code     0  libinit2.o(.ARM.Collect$$libinit$$00000021)
    __rt_lib_init_heap_1                     0x080001e7   Thumb Code     0  libinit2.o(.ARM.Collect$$libinit$$00000008)
    __rt_lib_init_lc_collate_1               0x080001e7   Thumb Code     0  libinit2.o(.ARM.Collect$$libinit$$0000000F)
    __rt_lib_init_lc_ctype_1                 0x080001e7   Thumb Code     0  libinit2.o(.ARM.Collect$$libinit$$00000011)
    __rt_lib_init_lc_monetary_1              0x080001e7   Thumb Code     0  libinit2.o(.ARM.Collect$$libinit$$00000013)
    __rt_lib_init_lc_numeric_1               0x080001e7   Thumb Code     0  libinit2.o(.ARM.Collect$$libinit$$00000015)
    __rt_lib_init_lc_time_1                  0x080001e7   Thumb Code     0  libinit2.o(.ARM.Collect$$libinit$$00000017)
    __rt_lib_init_rand_1                     0x080001e7   Thumb Code     0  libinit2.o(.ARM.Collect$$libinit$$0000000C)
    __rt_lib_init_return                     0x080001e7   Thumb Code     0  libinit2.o(.ARM.Collect$$libinit$$00000031)
    __rt_lib_init_signal_1                   0x080001e7   Thumb Code     0  libinit2.o(.ARM.Collect$$libinit$$0000001B)
    __rt_lib_init_stdio_1                    0x080001e7   Thumb Code     0  libinit2.o(.ARM.Collect$$libinit$$00000023)
    __rt_lib_init_user_alloc_1               0x080001e7   Thumb Code     0  libinit2.o(.ARM.Collect$$libinit$$0000000A)
    __rt_lib_shutdown                        0x080001e9   Thumb Code     0  libshutdown.o(.ARM.Collect$$libshutdown$$00000000)
    __rt_lib_shutdown_fp_trap_1              0x080001eb   Thumb Code     0  libshutdown2.o(.ARM.Collect$$libshutdown$$00000006)
    __rt_lib_shutdown_heap_1                 0x080001eb   Thumb Code     0  libshutdown2.o(.ARM.Collect$$libshutdown$$0000000E)
    __rt_lib_shutdown_return                 0x080001eb   Thumb Code     0  libshutdown2.o(.ARM.Collect$$libshutdown$$0000000F)
    __rt_lib_shutdown_signal_1               0x080001eb   Thumb Code     0  libshutdown2.o(.ARM.Collect$$libshutdown$$00000009)
    __rt_lib_shutdown_stdio_1                0x080001eb   Thumb Code     0  libshutdown2.o(.ARM.Collect$$libshutdown$$00000003)
    __rt_lib_shutdown_user_alloc_1           0x080001eb   Thumb Code     0  libshutdown2.o(.ARM.Collect$$libshutdown$$0000000B)
    __rt_entry                               0x080001ed   Thumb Code     0  rtentry.o(.ARM.Collect$$rtentry$$00000000)
    __rt_entry_presh_1                       0x080001ed   Thumb Code     0  rtentry2.o(.ARM.Collect$$rtentry$$00000002)
    __rt_entry_sh                            0x080001ed   Thumb Code     0  rtentry4.o(.ARM.Collect$$rtentry$$00000004)
    __rt_entry_li                            0x080001f3   Thumb Code     0  rtentry2.o(.ARM.Collect$$rtentry$$0000000A)
    __rt_entry_postsh_1                      0x080001f3   Thumb Code     0  rtentry2.o(.ARM.Collect$$rtentry$$00000009)
    __rt_entry_main                          0x080001f7   Thumb Code     0  rtentry2.o(.ARM.Collect$$rtentry$$0000000D)
    __rt_entry_postli_1                      0x080001f7   Thumb Code     0  rtentry2.o(.ARM.Collect$$rtentry$$0000000C)
    __rt_exit                                0x080001ff   Thumb Code     0  rtexit.o(.ARM.Collect$$rtexit$$00000000)
    __rt_exit_ls                             0x08000201   Thumb Code     0  rtexit2.o(.ARM.Collect$$rtexit$$00000003)
    __rt_exit_prels_1                        0x08000201   Thumb Code     0  rtexit2.o(.ARM.Collect$$rtexit$$00000002)
    __rt_exit_exit                           0x08000205   Thumb Code     0  rtexit2.o(.ARM.Collect$$rtexit$$00000004)
    main                                     0x0800020d   Thumb Code  7418  main.o(.text)
    TIM4_IRQHandler                          0x08001f07   Thumb Code    36  main.o(.text)
    TIM3_IRQHandler                          0x08001f2b   Thumb Code    50  main.o(.text)
    TIM2_IRQHandler                          0x08001f5d   Thumb Code   306  main.o(.text)
    NMI_Handler                              0x080020a1   Thumb Code     2  stm32f10x_it.o(.text)
    HardFault_Handler                        0x080020a3   Thumb Code     4  stm32f10x_it.o(.text)
    MemManage_Handler                        0x080020a7   Thumb Code     4  stm32f10x_it.o(.text)
    BusFault_Handler                         0x080020ab   Thumb Code     4  stm32f10x_it.o(.text)
    UsageFault_Handler                       0x080020af   Thumb Code     4  stm32f10x_it.o(.text)
    SVC_Handler                              0x080020b3   Thumb Code     2  stm32f10x_it.o(.text)
    DebugMon_Handler                         0x080020b5   Thumb Code     2  stm32f10x_it.o(.text)
    PendSV_Handler                           0x080020b7   Thumb Code     2  stm32f10x_it.o(.text)
    SysTick_Handler                          0x080020b9   Thumb Code     2  stm32f10x_it.o(.text)
    SystemInit                               0x08002185   Thumb Code    78  system_stm32f10x.o(.text)
    SystemCoreClockUpdate                    0x080021d3   Thumb Code   142  system_stm32f10x.o(.text)
    Reset_Handler                            0x08002285   Thumb Code     8  startup_stm32f10x_hd.o(.text)
    ADC1_2_IRQHandler                        0x0800229f   Thumb Code     0  startup_stm32f10x_hd.o(.text)
    ADC3_IRQHandler                          0x0800229f   Thumb Code     0  startup_stm32f10x_hd.o(.text)
    CAN1_RX1_IRQHandler                      0x0800229f   Thumb Code     0  startup_stm32f10x_hd.o(.text)
    CAN1_SCE_IRQHandler                      0x0800229f   Thumb Code     0  startup_stm32f10x_hd.o(.text)
    DMA1_Channel1_IRQHandler                 0x0800229f   Thumb Code     0  startup_stm32f10x_hd.o(.text)
    DMA1_Channel2_IRQHandler                 0x0800229f   Thumb Code     0  startup_stm32f10x_hd.o(.text)
    DMA1_Channel3_IRQHandler                 0x0800229f   Thumb Code     0  startup_stm32f10x_hd.o(.text)
    DMA1_Channel4_IRQHandler                 0x0800229f   Thumb Code     0  startup_stm32f10x_hd.o(.text)
    DMA1_Channel5_IRQHandler                 0x0800229f   Thumb Code     0  startup_stm32f10x_hd.o(.text)
    DMA1_Channel6_IRQHandler                 0x0800229f   Thumb Code     0  startup_stm32f10x_hd.o(.text)
    DMA1_Channel7_IRQHandler                 0x0800229f   Thumb Code     0  startup_stm32f10x_hd.o(.text)
    DMA2_Channel1_IRQHandler                 0x0800229f   Thumb Code     0  startup_stm32f10x_hd.o(.text)
    DMA2_Channel2_IRQHandler                 0x0800229f   Thumb Code     0  startup_stm32f10x_hd.o(.text)
    DMA2_Channel3_IRQHandler                 0x0800229f   Thumb Code     0  startup_stm32f10x_hd.o(.text)
    DMA2_Channel4_5_IRQHandler               0x0800229f   Thumb Code     0  startup_stm32f10x_hd.o(.text)
    EXTI0_IRQHandler                         0x0800229f   Thumb Code     0  startup_stm32f10x_hd.o(.text)
    EXTI15_10_IRQHandler                     0x0800229f   Thumb Code     0  startup_stm32f10x_hd.o(.text)
    EXTI1_IRQHandler                         0x0800229f   Thumb Code     0  startup_stm32f10x_hd.o(.text)
    EXTI2_IRQHandler                         0x0800229f   Thumb Code     0  startup_stm32f10x_hd.o(.text)
    EXTI3_IRQHandler                         0x0800229f   Thumb Code     0  startup_stm32f10x_hd.o(.text)
    EXTI4_IRQHandler                         0x0800229f   Thumb Code     0  startup_stm32f10x_hd.o(.text)
    EXTI9_5_IRQHandler                       0x0800229f   Thumb Code     0  startup_stm32f10x_hd.o(.text)
    FLASH_IRQHandler                         0x0800229f   Thumb Code     0  startup_stm32f10x_hd.o(.text)
    FSMC_IRQHandler                          0x0800229f   Thumb Code     0  startup_stm32f10x_hd.o(.text)
    I2C1_ER_IRQHandler                       0x0800229f   Thumb Code     0  startup_stm32f10x_hd.o(.text)
    I2C1_EV_IRQHandler                       0x0800229f   Thumb Code     0  startup_stm32f10x_hd.o(.text)
    I2C2_ER_IRQHandler                       0x0800229f   Thumb Code     0  startup_stm32f10x_hd.o(.text)
    I2C2_EV_IRQHandler                       0x0800229f   Thumb Code     0  startup_stm32f10x_hd.o(.text)
    PVD_IRQHandler                           0x0800229f   Thumb Code     0  startup_stm32f10x_hd.o(.text)
    RCC_IRQHandler                           0x0800229f   Thumb Code     0  startup_stm32f10x_hd.o(.text)
    RTCAlarm_IRQHandler                      0x0800229f   Thumb Code     0  startup_stm32f10x_hd.o(.text)
    RTC_IRQHandler                           0x0800229f   Thumb Code     0  startup_stm32f10x_hd.o(.text)
    SDIO_IRQHandler                          0x0800229f   Thumb Code     0  startup_stm32f10x_hd.o(.text)
    SPI1_IRQHandler                          0x0800229f   Thumb Code     0  startup_stm32f10x_hd.o(.text)
    SPI2_IRQHandler                          0x0800229f   Thumb Code     0  startup_stm32f10x_hd.o(.text)
    SPI3_IRQHandler                          0x0800229f   Thumb Code     0  startup_stm32f10x_hd.o(.text)
    TAMPER_IRQHandler                        0x0800229f   Thumb Code     0  startup_stm32f10x_hd.o(.text)
    TIM1_BRK_IRQHandler                      0x0800229f   Thumb Code     0  startup_stm32f10x_hd.o(.text)
    TIM1_CC_IRQHandler                       0x0800229f   Thumb Code     0  startup_stm32f10x_hd.o(.text)
    TIM1_TRG_COM_IRQHandler                  0x0800229f   Thumb Code     0  startup_stm32f10x_hd.o(.text)
    TIM1_UP_IRQHandler                       0x0800229f   Thumb Code     0  startup_stm32f10x_hd.o(.text)
    TIM5_IRQHandler                          0x0800229f   Thumb Code     0  startup_stm32f10x_hd.o(.text)
    TIM6_IRQHandler                          0x0800229f   Thumb Code     0  startup_stm32f10x_hd.o(.text)
    TIM7_IRQHandler                          0x0800229f   Thumb Code     0  startup_stm32f10x_hd.o(.text)
    TIM8_BRK_IRQHandler                      0x0800229f   Thumb Code     0  startup_stm32f10x_hd.o(.text)
    TIM8_CC_IRQHandler                       0x0800229f   Thumb Code     0  startup_stm32f10x_hd.o(.text)
    TIM8_TRG_COM_IRQHandler                  0x0800229f   Thumb Code     0  startup_stm32f10x_hd.o(.text)
    TIM8_UP_IRQHandler                       0x0800229f   Thumb Code     0  startup_stm32f10x_hd.o(.text)
    UART4_IRQHandler                         0x0800229f   Thumb Code     0  startup_stm32f10x_hd.o(.text)
    UART5_IRQHandler                         0x0800229f   Thumb Code     0  startup_stm32f10x_hd.o(.text)
    USART2_IRQHandler                        0x0800229f   Thumb Code     0  startup_stm32f10x_hd.o(.text)
    USART3_IRQHandler                        0x0800229f   Thumb Code     0  startup_stm32f10x_hd.o(.text)
    USBWakeUp_IRQHandler                     0x0800229f   Thumb Code     0  startup_stm32f10x_hd.o(.text)
    USB_HP_CAN1_TX_IRQHandler                0x0800229f   Thumb Code     0  startup_stm32f10x_hd.o(.text)
    USB_LP_CAN1_RX0_IRQHandler               0x0800229f   Thumb Code     0  startup_stm32f10x_hd.o(.text)
    WWDG_IRQHandler                          0x0800229f   Thumb Code     0  startup_stm32f10x_hd.o(.text)
    __user_initial_stackheap                 0x080022a1   Thumb Code     0  startup_stm32f10x_hd.o(.text)
    Scan_GPIO_Init                           0x080022c5   Thumb Code    40  scan.o(.text)
    Scan_Open                                0x080022ed   Thumb Code    38  scan.o(.text)
    Scan_AD_Write                            0x08002313   Thumb Code    94  scan.o(.text)
    Scan_Init                                0x08002371   Thumb Code    18  scan.o(.text)
    Scan_Close                               0x08002383   Thumb Code    48  scan.o(.text)
    AD5722R_GPIO_Init                        0x080023c9   Thumb Code    38  ad5722r.o(.text)
    AD5722R_write_data                       0x080023ef   Thumb Code    98  ad5722r.o(.text)
    AD5722R_soft_Init                        0x08002451   Thumb Code    94  ad5722r.o(.text)
    AD5722R_write_vol                        0x080024af   Thumb Code   150  ad5722r.o(.text)
    RA8875_GPIO_Init                         0x0800257d   Thumb Code    62  ra8875.o(.text)
    NextStep                                 0x080025bb   Thumb Code    20  ra8875.o(.text)
    RA8875_SPI_Init                          0x080025cf   Thumb Code    18  ra8875.o(.text)
    SPI_Write                                0x080025e1   Thumb Code    72  ra8875.o(.text)
    SPI_Read                                 0x08002629   Thumb Code    64  ra8875.o(.text)
    LCD_CmdWrite                             0x08002669   Thumb Code    48  ra8875.o(.text)
    LCD_DataWrite                            0x08002699   Thumb Code    44  ra8875.o(.text)
    LCD_DataRead                             0x080026c5   Thumb Code    48  ra8875.o(.text)
    Write_Dir                                0x080026f5   Thumb Code    20  ra8875.o(.text)
    LCD_StatusRead                           0x08002709   Thumb Code    42  ra8875.o(.text)
    LCD_Reset                                0x08002733   Thumb Code    30  ra8875.o(.text)
    Chk_Busy                                 0x08002751   Thumb Code    18  ra8875.o(.text)
    Chk_BTE_Busy                             0x08002763   Thumb Code    18  ra8875.o(.text)
    Chk_DMA_Busy                             0x08002775   Thumb Code    24  ra8875.o(.text)
    PLL_ini                                  0x0800278d   Thumb Code    40  ra8875.o(.text)
    Active_Window                            0x080027b5   Thumb Code   144  ra8875.o(.text)
    Text_Background_Color1                   0x08002845   Thumb Code    44  ra8875.o(.text)
    Text_Foreground_Color1                   0x08002871   Thumb Code    44  ra8875.o(.text)
    LCD_Initial                              0x0800289d   Thumb Code   396  ra8875.o(.text)
    String                                   0x08002a29   Thumb Code    36  ra8875.o(.text)
    FontWrite_Position                       0x08002a4d   Thumb Code    64  ra8875.o(.text)
    Text_Foreground_Color                    0x08002a8d   Thumb Code    46  ra8875.o(.text)
    Text                                     0x08002abb   Thumb Code   120  ra8875.o(.text)
    Text1                                    0x08002b33   Thumb Code   112  ra8875.o(.text)
    Text_Background_Color                    0x08002ba3   Thumb Code    46  ra8875.o(.text)
    Touch_Status                             0x08002bd1   Thumb Code    30  ra8875.o(.text)
    TP_X_Coordinate                          0x08002bef   Thumb Code    76  ra8875.o(.text)
    TP_Y_Coordinate                          0x08002c3b   Thumb Code    62  ra8875.o(.text)
    MemoryWrite_Position                     0x08002c79   Thumb Code    64  ra8875.o(.text)
    LCD_TP_Coordinate                        0x08002cb9   Thumb Code   434  ra8875.o(.text)
    Scroll_Window                            0x08002e6b   Thumb Code   144  ra8875.o(.text)
    Scroll                                   0x08002efb   Thumb Code    64  ra8875.o(.text)
    Draw_Circle                              0x08002f3b   Thumb Code    96  ra8875.o(.text)
    Draw_Solid_Circle                        0x08002f9b   Thumb Code   122  ra8875.o(.text)
    Draw_Solid_Circle_With_String            0x08003015   Thumb Code   372  ra8875.o(.text)
    Draw_Ellipse                             0x08003189   Thumb Code   156  ra8875.o(.text)
    Draw_Circle_Square                       0x08003225   Thumb Code   224  ra8875.o(.text)
    Draw_Solid_Circle_Square                 0x08003305   Thumb Code   246  ra8875.o(.text)
    Draw_Solid_Circle_Square_With_String     0x080033fb   Thumb Code   364  ra8875.o(.text)
    Draw_Line                                0x08003567   Thumb Code   156  ra8875.o(.text)
    Draw_Triangle                            0x08003603   Thumb Code    64  ra8875.o(.text)
    DMA_block_mode_size_setting              0x08003643   Thumb Code    82  ra8875.o(.text)
    DMA_Start_address_setting                0x08003695   Thumb Code    58  ra8875.o(.text)
    Displaypicture                           0x080036cf   Thumb Code    94  ra8875.o(.text)
    interface0                               0x0800372d   Thumb Code   170  ra8875.o(.text)
    interface1                               0x080037d7   Thumb Code  2770  ra8875.o(.text)
    interface2                               0x080042a9   Thumb Code   290  ra8875.o(.text)
    interface4                               0x080043cb   Thumb Code  1066  ra8875.o(.text)
    Tab_To_Number                            0x080047f5   Thumb Code   466  ra8875.o(.text)
    Flash_Write_data                         0x08004a09   Thumb Code    68  flashstorage.o(.text)
    Flash_Write_Array                        0x08004a4d   Thumb Code    86  flashstorage.o(.text)
    Flash_Read_data                          0x08004aa3   Thumb Code     8  flashstorage.o(.text)
    IWDG_Init                                0x08004ab5   Thumb Code    36  wdg.o(.text)
    IWDG_Feed                                0x08004ad9   Thumb Code     8  wdg.o(.text)
    TIM3_Int_Init                            0x08004ae1   Thumb Code    84  timer.o(.text)
    TIM2_Int_Init                            0x08004b35   Thumb Code    82  timer.o(.text)
    TIM4_Int_Init                            0x08004b87   Thumb Code    80  timer.o(.text)
    Control_GPIO_Init                        0x08004be1   Thumb Code    68  control_gpio.o(.text)
    NVIC_PriorityGroupConfig                 0x08004c2d   Thumb Code    10  misc.o(.text)
    NVIC_Init                                0x08004c37   Thumb Code   102  misc.o(.text)
    NVIC_SetVectorTable                      0x08004c9d   Thumb Code    14  misc.o(.text)
    NVIC_SystemLPConfig                      0x08004cab   Thumb Code    34  misc.o(.text)
    SysTick_CLKSourceConfig                  0x08004ccd   Thumb Code    40  misc.o(.text)
    FLASH_SetLatency                         0x08004d09   Thumb Code    18  stm32f10x_flash.o(.text)
    FLASH_HalfCycleAccessCmd                 0x08004d1b   Thumb Code    22  stm32f10x_flash.o(.text)
    FLASH_PrefetchBufferCmd                  0x08004d31   Thumb Code    22  stm32f10x_flash.o(.text)
    FLASH_Unlock                             0x08004d47   Thumb Code    12  stm32f10x_flash.o(.text)
    FLASH_UnlockBank1                        0x08004d53   Thumb Code    12  stm32f10x_flash.o(.text)
    FLASH_Lock                               0x08004d5f   Thumb Code    14  stm32f10x_flash.o(.text)
    FLASH_LockBank1                          0x08004d6d   Thumb Code    14  stm32f10x_flash.o(.text)
    FLASH_GetBank1Status                     0x08004d7b   Thumb Code    48  stm32f10x_flash.o(.text)
    FLASH_WaitForLastOperation               0x08004dab   Thumb Code    38  stm32f10x_flash.o(.text)
    FLASH_ErasePage                          0x08004dd1   Thumb Code    72  stm32f10x_flash.o(.text)
    FLASH_EraseAllPages                      0x08004e19   Thumb Code    68  stm32f10x_flash.o(.text)
    FLASH_WaitForLastBank1Operation          0x08004e5d   Thumb Code    38  stm32f10x_flash.o(.text)
    FLASH_EraseAllBank1Pages                 0x08004e83   Thumb Code    68  stm32f10x_flash.o(.text)
    FLASH_GetReadOutProtectionStatus         0x08004ec7   Thumb Code    20  stm32f10x_flash.o(.text)
    FLASH_EraseOptionBytes                   0x08004edb   Thumb Code   150  stm32f10x_flash.o(.text)
    FLASH_ProgramWord                        0x08004f71   Thumb Code    96  stm32f10x_flash.o(.text)
    FLASH_ProgramHalfWord                    0x08004fd1   Thumb Code    60  stm32f10x_flash.o(.text)
    FLASH_ProgramOptionByteData              0x0800500d   Thumb Code    72  stm32f10x_flash.o(.text)
    FLASH_EnableWriteProtection              0x08005055   Thumb Code   200  stm32f10x_flash.o(.text)
    FLASH_ReadOutProtection                  0x0800511d   Thumb Code   156  stm32f10x_flash.o(.text)
    FLASH_UserOptionByteConfig               0x080051b9   Thumb Code    88  stm32f10x_flash.o(.text)
    FLASH_GetUserOptionByte                  0x08005211   Thumb Code     8  stm32f10x_flash.o(.text)
    FLASH_GetWriteProtectionOptionByte       0x08005219   Thumb Code     6  stm32f10x_flash.o(.text)
    FLASH_GetPrefetchBufferStatus            0x0800521f   Thumb Code    20  stm32f10x_flash.o(.text)
    FLASH_ITConfig                           0x08005233   Thumb Code    26  stm32f10x_flash.o(.text)
    FLASH_GetFlagStatus                      0x0800524d   Thumb Code    42  stm32f10x_flash.o(.text)
    FLASH_ClearFlag                          0x08005277   Thumb Code     6  stm32f10x_flash.o(.text)
    FLASH_GetStatus                          0x0800527d   Thumb Code    48  stm32f10x_flash.o(.text)
    GPIO_DeInit                              0x080052bd   Thumb Code   172  stm32f10x_gpio.o(.text)
    GPIO_AFIODeInit                          0x08005369   Thumb Code    20  stm32f10x_gpio.o(.text)
    GPIO_Init                                0x0800537d   Thumb Code   274  stm32f10x_gpio.o(.text)
    GPIO_StructInit                          0x0800548f   Thumb Code    16  stm32f10x_gpio.o(.text)
    GPIO_ReadInputDataBit                    0x0800549f   Thumb Code    18  stm32f10x_gpio.o(.text)
    GPIO_ReadInputData                       0x080054b1   Thumb Code     8  stm32f10x_gpio.o(.text)
    GPIO_ReadOutputDataBit                   0x080054b9   Thumb Code    18  stm32f10x_gpio.o(.text)
    GPIO_ReadOutputData                      0x080054cb   Thumb Code     8  stm32f10x_gpio.o(.text)
    GPIO_SetBits                             0x080054d3   Thumb Code     4  stm32f10x_gpio.o(.text)
    GPIO_ResetBits                           0x080054d7   Thumb Code     4  stm32f10x_gpio.o(.text)
    GPIO_WriteBit                            0x080054db   Thumb Code    10  stm32f10x_gpio.o(.text)
    GPIO_Write                               0x080054e5   Thumb Code     4  stm32f10x_gpio.o(.text)
    GPIO_PinLockConfig                       0x080054e9   Thumb Code    18  stm32f10x_gpio.o(.text)
    GPIO_EventOutputConfig                   0x080054fb   Thumb Code    26  stm32f10x_gpio.o(.text)
    GPIO_EventOutputCmd                      0x08005515   Thumb Code     6  stm32f10x_gpio.o(.text)
    GPIO_PinRemapConfig                      0x0800551b   Thumb Code   138  stm32f10x_gpio.o(.text)
    GPIO_EXTILineConfig                      0x080055a5   Thumb Code    66  stm32f10x_gpio.o(.text)
    GPIO_ETH_MediaInterfaceConfig            0x080055e7   Thumb Code     6  stm32f10x_gpio.o(.text)
    IWDG_WriteAccessCmd                      0x08005615   Thumb Code     6  stm32f10x_iwdg.o(.text)
    IWDG_SetPrescaler                        0x0800561b   Thumb Code     6  stm32f10x_iwdg.o(.text)
    IWDG_SetReload                           0x08005621   Thumb Code     6  stm32f10x_iwdg.o(.text)
    IWDG_ReloadCounter                       0x08005627   Thumb Code    10  stm32f10x_iwdg.o(.text)
    IWDG_Enable                              0x08005631   Thumb Code    10  stm32f10x_iwdg.o(.text)
    IWDG_GetFlagStatus                       0x0800563b   Thumb Code    20  stm32f10x_iwdg.o(.text)
    RCC_DeInit                               0x08005655   Thumb Code    64  stm32f10x_rcc.o(.text)
    RCC_HSEConfig                            0x08005695   Thumb Code    70  stm32f10x_rcc.o(.text)
    RCC_GetFlagStatus                        0x080056db   Thumb Code    56  stm32f10x_rcc.o(.text)
    RCC_WaitForHSEStartUp                    0x08005713   Thumb Code    48  stm32f10x_rcc.o(.text)
    RCC_AdjustHSICalibrationValue            0x08005743   Thumb Code    20  stm32f10x_rcc.o(.text)
    RCC_HSICmd                               0x08005757   Thumb Code     6  stm32f10x_rcc.o(.text)
    RCC_PLLConfig                            0x0800575d   Thumb Code    24  stm32f10x_rcc.o(.text)
    RCC_PLLCmd                               0x08005775   Thumb Code     6  stm32f10x_rcc.o(.text)
    RCC_SYSCLKConfig                         0x0800577b   Thumb Code    18  stm32f10x_rcc.o(.text)
    RCC_GetSYSCLKSource                      0x0800578d   Thumb Code    10  stm32f10x_rcc.o(.text)
    RCC_HCLKConfig                           0x08005797   Thumb Code    18  stm32f10x_rcc.o(.text)
    RCC_PCLK1Config                          0x080057a9   Thumb Code    18  stm32f10x_rcc.o(.text)
    RCC_PCLK2Config                          0x080057bb   Thumb Code    20  stm32f10x_rcc.o(.text)
    RCC_ITConfig                             0x080057cf   Thumb Code    26  stm32f10x_rcc.o(.text)
    RCC_USBCLKConfig                         0x080057e9   Thumb Code     6  stm32f10x_rcc.o(.text)
    RCC_ADCCLKConfig                         0x080057ef   Thumb Code    18  stm32f10x_rcc.o(.text)
    RCC_LSEConfig                            0x08005801   Thumb Code    44  stm32f10x_rcc.o(.text)
    RCC_LSICmd                               0x0800582d   Thumb Code     6  stm32f10x_rcc.o(.text)
    RCC_RTCCLKConfig                         0x08005833   Thumb Code    12  stm32f10x_rcc.o(.text)
    RCC_RTCCLKCmd                            0x0800583f   Thumb Code     8  stm32f10x_rcc.o(.text)
    RCC_GetClocksFreq                        0x08005847   Thumb Code   192  stm32f10x_rcc.o(.text)
    RCC_AHBPeriphClockCmd                    0x08005907   Thumb Code    26  stm32f10x_rcc.o(.text)
    RCC_APB2PeriphClockCmd                   0x08005921   Thumb Code    26  stm32f10x_rcc.o(.text)
    RCC_APB1PeriphClockCmd                   0x0800593b   Thumb Code    26  stm32f10x_rcc.o(.text)
    RCC_APB2PeriphResetCmd                   0x08005955   Thumb Code    26  stm32f10x_rcc.o(.text)
    RCC_APB1PeriphResetCmd                   0x0800596f   Thumb Code    26  stm32f10x_rcc.o(.text)
    RCC_BackupResetCmd                       0x08005989   Thumb Code     8  stm32f10x_rcc.o(.text)
    RCC_ClockSecuritySystemCmd               0x08005991   Thumb Code     6  stm32f10x_rcc.o(.text)
    RCC_MCOConfig                            0x08005997   Thumb Code     6  stm32f10x_rcc.o(.text)
    RCC_ClearFlag                            0x0800599d   Thumb Code    14  stm32f10x_rcc.o(.text)
    RCC_GetITStatus                          0x080059ab   Thumb Code    20  stm32f10x_rcc.o(.text)
    RCC_ClearITPendingBit                    0x080059bf   Thumb Code     6  stm32f10x_rcc.o(.text)
    TIM_DeInit                               0x080059f1   Thumb Code   424  stm32f10x_tim.o(.text)
    TIM_TimeBaseInit                         0x08005b99   Thumb Code   122  stm32f10x_tim.o(.text)
    TIM_OC1Init                              0x08005c13   Thumb Code   132  stm32f10x_tim.o(.text)
    TIM_OC2Init                              0x08005c97   Thumb Code   154  stm32f10x_tim.o(.text)
    TIM_OC3Init                              0x08005d31   Thumb Code   150  stm32f10x_tim.o(.text)
    TIM_OC4Init                              0x08005dc7   Thumb Code   182  stm32f10x_tim.o(.text)
    TIM_SetIC4Prescaler                      0x08005e7d   Thumb Code    26  stm32f10x_tim.o(.text)
    TIM_SetIC3Prescaler                      0x08005f19   Thumb Code    18  stm32f10x_tim.o(.text)
    TIM_SetIC2Prescaler                      0x08005fa5   Thumb Code    26  stm32f10x_tim.o(.text)
    TIM_SetIC1Prescaler                      0x08006041   Thumb Code    18  stm32f10x_tim.o(.text)
    TIM_ICInit                               0x080060bf   Thumb Code   150  stm32f10x_tim.o(.text)
    TIM_PWMIConfig                           0x08006155   Thumb Code   124  stm32f10x_tim.o(.text)
    TIM_BDTRConfig                           0x080061d1   Thumb Code    32  stm32f10x_tim.o(.text)
    TIM_TimeBaseStructInit                   0x080061f1   Thumb Code    18  stm32f10x_tim.o(.text)
    TIM_OCStructInit                         0x08006203   Thumb Code    20  stm32f10x_tim.o(.text)
    TIM_ICStructInit                         0x08006217   Thumb Code    18  stm32f10x_tim.o(.text)
    TIM_BDTRStructInit                       0x08006229   Thumb Code    40  stm32f10x_tim.o(.text)
    TIM_Cmd                                  0x08006251   Thumb Code    24  stm32f10x_tim.o(.text)
    TIM_CtrlPWMOutputs                       0x08006269   Thumb Code    30  stm32f10x_tim.o(.text)
    TIM_ITConfig                             0x08006287   Thumb Code    18  stm32f10x_tim.o(.text)
    TIM_GenerateEvent                        0x08006299   Thumb Code     4  stm32f10x_tim.o(.text)
    TIM_DMAConfig                            0x0800629d   Thumb Code    10  stm32f10x_tim.o(.text)
    TIM_DMACmd                               0x080062a7   Thumb Code    18  stm32f10x_tim.o(.text)
    TIM_InternalClockConfig                  0x080062b9   Thumb Code    12  stm32f10x_tim.o(.text)
    TIM_SelectInputTrigger                   0x080062c5   Thumb Code    18  stm32f10x_tim.o(.text)
    TIM_ITRxExternalClockConfig              0x080062d7   Thumb Code    24  stm32f10x_tim.o(.text)
    TIM_TIxExternalClockConfig               0x080062ef   Thumb Code    62  stm32f10x_tim.o(.text)
    TIM_ETRConfig                            0x0800632d   Thumb Code    28  stm32f10x_tim.o(.text)
    TIM_ETRClockMode1Config                  0x08006349   Thumb Code    54  stm32f10x_tim.o(.text)
    TIM_ETRClockMode2Config                  0x0800637f   Thumb Code    32  stm32f10x_tim.o(.text)
    TIM_PrescalerConfig                      0x0800639f   Thumb Code     6  stm32f10x_tim.o(.text)
    TIM_CounterModeConfig                    0x080063a5   Thumb Code    18  stm32f10x_tim.o(.text)
    TIM_EncoderInterfaceConfig               0x080063b7   Thumb Code    66  stm32f10x_tim.o(.text)
    TIM_ForcedOC1Config                      0x080063f9   Thumb Code    18  stm32f10x_tim.o(.text)
    TIM_ForcedOC2Config                      0x0800640b   Thumb Code    26  stm32f10x_tim.o(.text)
    TIM_ForcedOC3Config                      0x08006425   Thumb Code    18  stm32f10x_tim.o(.text)
    TIM_ForcedOC4Config                      0x08006437   Thumb Code    26  stm32f10x_tim.o(.text)
    TIM_ARRPreloadConfig                     0x08006451   Thumb Code    24  stm32f10x_tim.o(.text)
    TIM_SelectCOM                            0x08006469   Thumb Code    24  stm32f10x_tim.o(.text)
    TIM_SelectCCDMA                          0x08006481   Thumb Code    24  stm32f10x_tim.o(.text)
    TIM_CCPreloadControl                     0x08006499   Thumb Code    24  stm32f10x_tim.o(.text)
    TIM_OC1PreloadConfig                     0x080064b1   Thumb Code    18  stm32f10x_tim.o(.text)
    TIM_OC2PreloadConfig                     0x080064c3   Thumb Code    26  stm32f10x_tim.o(.text)
    TIM_OC3PreloadConfig                     0x080064dd   Thumb Code    18  stm32f10x_tim.o(.text)
    TIM_OC4PreloadConfig                     0x080064ef   Thumb Code    26  stm32f10x_tim.o(.text)
    TIM_OC1FastConfig                        0x08006509   Thumb Code    18  stm32f10x_tim.o(.text)
    TIM_OC2FastConfig                        0x0800651b   Thumb Code    26  stm32f10x_tim.o(.text)
    TIM_OC3FastConfig                        0x08006535   Thumb Code    18  stm32f10x_tim.o(.text)
    TIM_OC4FastConfig                        0x08006547   Thumb Code    26  stm32f10x_tim.o(.text)
    TIM_ClearOC1Ref                          0x08006561   Thumb Code    18  stm32f10x_tim.o(.text)
    TIM_ClearOC2Ref                          0x08006573   Thumb Code    24  stm32f10x_tim.o(.text)
    TIM_ClearOC3Ref                          0x0800658b   Thumb Code    18  stm32f10x_tim.o(.text)
    TIM_ClearOC4Ref                          0x0800659d   Thumb Code    24  stm32f10x_tim.o(.text)
    TIM_OC1PolarityConfig                    0x080065b5   Thumb Code    18  stm32f10x_tim.o(.text)
    TIM_OC1NPolarityConfig                   0x080065c7   Thumb Code    18  stm32f10x_tim.o(.text)
    TIM_OC2PolarityConfig                    0x080065d9   Thumb Code    26  stm32f10x_tim.o(.text)
    TIM_OC2NPolarityConfig                   0x080065f3   Thumb Code    26  stm32f10x_tim.o(.text)
    TIM_OC3PolarityConfig                    0x0800660d   Thumb Code    26  stm32f10x_tim.o(.text)
    TIM_OC3NPolarityConfig                   0x08006627   Thumb Code    26  stm32f10x_tim.o(.text)
    TIM_OC4PolarityConfig                    0x08006641   Thumb Code    26  stm32f10x_tim.o(.text)
    TIM_CCxCmd                               0x0800665b   Thumb Code    30  stm32f10x_tim.o(.text)
    TIM_CCxNCmd                              0x08006679   Thumb Code    30  stm32f10x_tim.o(.text)
    TIM_SelectOCxM                           0x08006697   Thumb Code    82  stm32f10x_tim.o(.text)
    TIM_UpdateDisableConfig                  0x080066e9   Thumb Code    24  stm32f10x_tim.o(.text)
    TIM_UpdateRequestConfig                  0x08006701   Thumb Code    24  stm32f10x_tim.o(.text)
    TIM_SelectHallSensor                     0x08006719   Thumb Code    24  stm32f10x_tim.o(.text)
    TIM_SelectOnePulseMode                   0x08006731   Thumb Code    18  stm32f10x_tim.o(.text)
    TIM_SelectOutputTrigger                  0x08006743   Thumb Code    18  stm32f10x_tim.o(.text)
    TIM_SelectSlaveMode                      0x08006755   Thumb Code    18  stm32f10x_tim.o(.text)
    TIM_SelectMasterSlaveMode                0x08006767   Thumb Code    18  stm32f10x_tim.o(.text)
    TIM_SetCounter                           0x08006779   Thumb Code     4  stm32f10x_tim.o(.text)
    TIM_SetAutoreload                        0x0800677d   Thumb Code     4  stm32f10x_tim.o(.text)
    TIM_SetCompare1                          0x08006781   Thumb Code     4  stm32f10x_tim.o(.text)
    TIM_SetCompare2                          0x08006785   Thumb Code     4  stm32f10x_tim.o(.text)
    TIM_SetCompare3                          0x08006789   Thumb Code     4  stm32f10x_tim.o(.text)
    TIM_SetCompare4                          0x0800678d   Thumb Code     6  stm32f10x_tim.o(.text)
    TIM_SetClockDivision                     0x08006793   Thumb Code    18  stm32f10x_tim.o(.text)
    TIM_GetCapture1                          0x080067a5   Thumb Code     6  stm32f10x_tim.o(.text)
    TIM_GetCapture2                          0x080067ab   Thumb Code     6  stm32f10x_tim.o(.text)
    TIM_GetCapture3                          0x080067b1   Thumb Code     6  stm32f10x_tim.o(.text)
    TIM_GetCapture4                          0x080067b7   Thumb Code     8  stm32f10x_tim.o(.text)
    TIM_GetCounter                           0x080067bf   Thumb Code     6  stm32f10x_tim.o(.text)
    TIM_GetPrescaler                         0x080067c5   Thumb Code     6  stm32f10x_tim.o(.text)
    TIM_GetFlagStatus                        0x080067cb   Thumb Code    18  stm32f10x_tim.o(.text)
    TIM_ClearFlag                            0x080067dd   Thumb Code     6  stm32f10x_tim.o(.text)
    TIM_GetITStatus                          0x080067e3   Thumb Code    34  stm32f10x_tim.o(.text)
    TIM_ClearITPendingBit                    0x08006805   Thumb Code     6  stm32f10x_tim.o(.text)
    USART_DeInit                             0x0800680d   Thumb Code   134  stm32f10x_usart.o(.text)
    USART_Init                               0x08006893   Thumb Code   210  stm32f10x_usart.o(.text)
    USART_StructInit                         0x08006965   Thumb Code    24  stm32f10x_usart.o(.text)
    USART_ClockInit                          0x0800697d   Thumb Code    34  stm32f10x_usart.o(.text)
    USART_ClockStructInit                    0x0800699f   Thumb Code    12  stm32f10x_usart.o(.text)
    USART_Cmd                                0x080069ab   Thumb Code    24  stm32f10x_usart.o(.text)
    USART_ITConfig                           0x080069c3   Thumb Code    74  stm32f10x_usart.o(.text)
    USART_DMACmd                             0x08006a0d   Thumb Code    18  stm32f10x_usart.o(.text)
    USART_SetAddress                         0x08006a1f   Thumb Code    18  stm32f10x_usart.o(.text)
    USART_WakeUpConfig                       0x08006a31   Thumb Code    18  stm32f10x_usart.o(.text)
    USART_ReceiverWakeUpCmd                  0x08006a43   Thumb Code    24  stm32f10x_usart.o(.text)
    USART_LINBreakDetectLengthConfig         0x08006a5b   Thumb Code    18  stm32f10x_usart.o(.text)
    USART_LINCmd                             0x08006a6d   Thumb Code    24  stm32f10x_usart.o(.text)
    USART_SendData                           0x08006a85   Thumb Code     8  stm32f10x_usart.o(.text)
    USART_ReceiveData                        0x08006a8d   Thumb Code    10  stm32f10x_usart.o(.text)
    USART_SendBreak                          0x08006a97   Thumb Code    10  stm32f10x_usart.o(.text)
    USART_SetGuardTime                       0x08006aa1   Thumb Code    16  stm32f10x_usart.o(.text)
    USART_SetPrescaler                       0x08006ab1   Thumb Code    16  stm32f10x_usart.o(.text)
    USART_SmartCardCmd                       0x08006ac1   Thumb Code    24  stm32f10x_usart.o(.text)
    USART_SmartCardNACKCmd                   0x08006ad9   Thumb Code    24  stm32f10x_usart.o(.text)
    USART_HalfDuplexCmd                      0x08006af1   Thumb Code    24  stm32f10x_usart.o(.text)
    USART_OverSampling8Cmd                   0x08006b09   Thumb Code    22  stm32f10x_usart.o(.text)
    USART_OneBitMethodCmd                    0x08006b1f   Thumb Code    24  stm32f10x_usart.o(.text)
    USART_IrDAConfig                         0x08006b37   Thumb Code    18  stm32f10x_usart.o(.text)
    USART_IrDACmd                            0x08006b49   Thumb Code    24  stm32f10x_usart.o(.text)
    USART_GetFlagStatus                      0x08006b61   Thumb Code    26  stm32f10x_usart.o(.text)
    USART_ClearFlag                          0x08006b7b   Thumb Code    18  stm32f10x_usart.o(.text)
    USART_GetITStatus                        0x08006b8d   Thumb Code    84  stm32f10x_usart.o(.text)
    USART_ClearITPendingBit                  0x08006be1   Thumb Code    52  stm32f10x_usart.o(.text)
    delay_init                               0x08006c15   Thumb Code    50  delay.o(.text)
    delay_us                                 0x08006c47   Thumb Code    70  delay.o(.text)
    delay_ms                                 0x08006c8d   Thumb Code    70  delay.o(.text)
    System_Clock_Init                        0x08006ce5   Thumb Code    78  sys.o(.text)
    System_Soft_Reset                        0x08006d33   Thumb Code    38  sys.o(.text)
    _sys_exit                                0x08006d65   Thumb Code     6  usart.o(.text)
    fputc                                    0x08006d6b   Thumb Code    22  usart.o(.text)
    uart_init                                0x08006d81   Thumb Code   158  usart.o(.text)
    USART1_IRQHandler                        0x08006e1f   Thumb Code   122  usart.o(.text)
    __use_no_semihosting                     0x08006ea9   Thumb Code     2  use_no_semi_2.o(.text)
    __use_two_region_memory                  0x08006eab   Thumb Code     2  heapauxi.o(.text)
    __rt_heap_escrow$2region                 0x08006ead   Thumb Code     2  heapauxi.o(.text)
    __rt_heap_expand$2region                 0x08006eaf   Thumb Code     2  heapauxi.o(.text)
    __I$use$semihosting                      0x08006eb1   Thumb Code     0  use_no_semi.o(.text)
    __use_no_semihosting_swi                 0x08006eb1   Thumb Code     2  use_no_semi.o(.text)
    __read_errno                             0x08006eb3   Thumb Code    10  _rserrno.o(.text)
    __set_errno                              0x08006ebd   Thumb Code    12  _rserrno.o(.text)
    __aeabi_errno_addr                       0x08006ec9   Thumb Code     8  rt_errno_addr_intlibspace.o(.text)
    __errno$intlibspace                      0x08006ec9   Thumb Code     0  rt_errno_addr_intlibspace.o(.text)
    __rt_errno_addr$intlibspace              0x08006ec9   Thumb Code     0  rt_errno_addr_intlibspace.o(.text)
    __user_libspace                          0x08006ed1   Thumb Code     8  libspace.o(.text)
    __user_perproc_libspace                  0x08006ed1   Thumb Code     0  libspace.o(.text)
    __user_perthread_libspace                0x08006ed1   Thumb Code     0  libspace.o(.text)
    __user_setup_stackheap                   0x08006ed9   Thumb Code    74  sys_stackheap_outer.o(.text)
    exit                                     0x08006f23   Thumb Code    12  exit.o(.text)
    __ARM_fpclassify                         0x08006f2f   Thumb Code    40  fpclassify.o(i.__ARM_fpclassify)
    __kernel_poly                            0x08006f57   Thumb Code   170  poly.o(i.__kernel_poly)
    __mathlib_dbl_underflow                  0x08007001   Thumb Code    10  dunder.o(i.__mathlib_dbl_underflow)
    pow                                      0x08007011   Thumb Code  2510  pow.o(i.pow)
    sqrt                                     0x080079f1   Thumb Code    78  sqrt.o(i.sqrt)
    __aeabi_d2f                              0x08007a41   Thumb Code     0  d2f.o(x$fpl$d2f)
    _d2f                                     0x08007a41   Thumb Code    98  d2f.o(x$fpl$d2f)
    __aeabi_dadd                             0x08007aa5   Thumb Code     0  daddsub_clz.o(x$fpl$dadd)
    _dadd                                    0x08007aa5   Thumb Code   332  daddsub_clz.o(x$fpl$dadd)
    __fpl_dcheck_NaN1                        0x08007bf5   Thumb Code    10  dcheck1.o(x$fpl$dcheck1)
    __fpl_dcmp_Inf                           0x08007c05   Thumb Code    24  dcmpi.o(x$fpl$dcmpinf)
    __aeabi_ddiv                             0x08007c1d   Thumb Code     0  ddiv.o(x$fpl$ddiv)
    _ddiv                                    0x08007c1d   Thumb Code   552  ddiv.o(x$fpl$ddiv)
    __aeabi_d2uiz                            0x08007ecd   Thumb Code     0  dfixu.o(x$fpl$dfixu)
    _dfixu                                   0x08007ecd   Thumb Code    90  dfixu.o(x$fpl$dfixu)
    __aeabi_i2d                              0x08007f27   Thumb Code     0  dflt_clz.o(x$fpl$dflt)
    _dflt                                    0x08007f27   Thumb Code    46  dflt_clz.o(x$fpl$dflt)
    __aeabi_ui2d                             0x08007f55   Thumb Code     0  dflt_clz.o(x$fpl$dfltu)
    _dfltu                                   0x08007f55   Thumb Code    38  dflt_clz.o(x$fpl$dfltu)
    __aeabi_cdcmple                          0x08007f7d   Thumb Code     0  dleqf.o(x$fpl$dleqf)
    _dcmple                                  0x08007f7d   Thumb Code   120  dleqf.o(x$fpl$dleqf)
    __fpl_dcmple_InfNaN                      0x08007fdf   Thumb Code     0  dleqf.o(x$fpl$dleqf)
    __aeabi_dmul                             0x08007ff5   Thumb Code     0  dmul.o(x$fpl$dmul)
    _dmul                                    0x08007ff5   Thumb Code   332  dmul.o(x$fpl$dmul)
    __fpl_dnaninf                            0x08008149   Thumb Code   156  dnaninf.o(x$fpl$dnaninf)
    __fpl_dretinf                            0x080081e5   Thumb Code    12  dretinf.o(x$fpl$dretinf)
    __aeabi_cdrcmple                         0x080081f1   Thumb Code     0  drleqf.o(x$fpl$drleqf)
    _drcmple                                 0x080081f1   Thumb Code   108  drleqf.o(x$fpl$drleqf)
    __aeabi_drsub                            0x0800825d   Thumb Code     0  daddsub_clz.o(x$fpl$drsb)
    _drsb                                    0x0800825d   Thumb Code    22  daddsub_clz.o(x$fpl$drsb)
    _dsqrt                                   0x08008275   Thumb Code   456  dsqrt_noumaal.o(x$fpl$dsqrt)
    __aeabi_dsub                             0x08008441   Thumb Code     0  daddsub_clz.o(x$fpl$dsub)
    _dsub                                    0x08008441   Thumb Code   464  daddsub_clz.o(x$fpl$dsub)
    __aeabi_f2d                              0x08008615   Thumb Code     0  f2d.o(x$fpl$f2d)
    _f2d                                     0x08008615   Thumb Code    86  f2d.o(x$fpl$f2d)
    __aeabi_fadd                             0x0800866d   Thumb Code     0  faddsub_clz.o(x$fpl$fadd)
    _fadd                                    0x0800866d   Thumb Code   196  faddsub_clz.o(x$fpl$fadd)
    __fpl_fcmp_Inf                           0x08008731   Thumb Code    24  fcmpi.o(x$fpl$fcmpinf)
    __aeabi_fdiv                             0x08008749   Thumb Code     0  fdiv.o(x$fpl$fdiv)
    _fdiv                                    0x08008749   Thumb Code   384  fdiv.o(x$fpl$fdiv)
    __aeabi_f2uiz                            0x080088cd   Thumb Code     0  ffixu.o(x$fpl$ffixu)
    _ffixu                                   0x080088cd   Thumb Code    62  ffixu.o(x$fpl$ffixu)
    __aeabi_cfcmple                          0x0800890d   Thumb Code     0  fleqf.o(x$fpl$fleqf)
    _fcmple                                  0x0800890d   Thumb Code   104  fleqf.o(x$fpl$fleqf)
    __fpl_fcmple_InfNaN                      0x0800895f   Thumb Code     0  fleqf.o(x$fpl$fleqf)
    __aeabi_fmul                             0x08008975   Thumb Code     0  fmul.o(x$fpl$fmul)
    _fmul                                    0x08008975   Thumb Code   258  fmul.o(x$fpl$fmul)
    __fpl_fnaninf                            0x08008a77   Thumb Code   140  fnaninf.o(x$fpl$fnaninf)
    __fpl_fretinf                            0x08008b03   Thumb Code    10  fretinf.o(x$fpl$fretinf)
    __aeabi_cfrcmple                         0x08008b0d   Thumb Code     0  frleqf.o(x$fpl$frleqf)
    _frcmple                                 0x08008b0d   Thumb Code    98  frleqf.o(x$fpl$frleqf)
    __aeabi_fsub                             0x08008b71   Thumb Code     0  faddsub_clz.o(x$fpl$fsub)
    _fsub                                    0x08008b71   Thumb Code   234  faddsub_clz.o(x$fpl$fsub)
    __fpl_return_NaN                         0x08008c5b   Thumb Code   100  retnan.o(x$fpl$retnan)
    __ARM_scalbn                             0x08008cbf   Thumb Code    92  scalbn.o(x$fpl$scalbn)
    __fpl_cmpreturn                          0x08008d1b   Thumb Code    48  trapv.o(x$fpl$trapveneer)
    __I$use$fp                               0x08008d4a   Number         0  usenofp.o(x$fpl$usenofp)
    __mathlib_zero                           0x08008dd8   Data           8  qnan.o(.constdata)
    Region$$Table$$Base                      0x08008de0   Number         0  anon$$obj.o(Region$$Table)
    Region$$Table$$Limit                     0x08008e00   Number         0  anon$$obj.o(Region$$Table)
    auto_run_time                            0x20000000   Data           1  main.o(.data)
    refresh                                  0x20000001   Data           1  main.o(.data)
    touch_in                                 0x20000002   Data           1  main.o(.data)
    touch_flag                               0x20000003   Data           1  main.o(.data)
    touch_time                               0x20000004   Data           1  main.o(.data)
    auto_run_step                            0x20000005   Data           1  main.o(.data)
    auto_delay_time_array                    0x20000006   Data           6  main.o(.data)
    state                                    0x2000000c   Data           2  main.o(.data)
    action                                   0x2000000e   Data           2  main.o(.data)
    alarm                                    0x20000010   Data           4  main.o(.data)
    alarm_string                             0x20000014   Data        1050  main.o(.data)
    parameter                                0x20000430   Data          20  main.o(.data)
    parameter_up                             0x20000444   Data          20  main.o(.data)
    parameter_down                           0x20000458   Data          20  main.o(.data)
    parameter_tab                            0x2000046c   Data          25  main.o(.data)
    scan_direction                           0x20000485   Data           1  main.o(.data)
    scan_X_position                          0x20000486   Data           2  main.o(.data)
    scan_Y_position                          0x20000488   Data           2  main.o(.data)
    scan_time                                0x2000048c   Data           4  main.o(.data)
    state0                                   0x20000490   Data           2  main.o(.data)
    action0                                  0x20000492   Data           2  main.o(.data)
    parameter_number                         0x20000494   Data           2  main.o(.data)
    interface_number                         0x20000496   Data           2  main.o(.data)
    scan_time_max                            0x20000498   Data           4  main.o(.data)
    voltage_A                                0x200004a0   Data           8  main.o(.data)
    voltage_B                                0x200004a8   Data           8  main.o(.data)
    i                                        0x200004b0   Data           1  main.o(.data)
    j                                        0x200004b1   Data           1  main.o(.data)
    SystemCoreClock                          0x200004b4   Data           4  system_stm32f10x.o(.data)
    AHBPrescTable                            0x200004b8   Data          16  system_stm32f10x.o(.data)
    FLASHStatus                              0x200004c8   Data           1  flashstorage.o(.data)
    USART_RX_STA                             0x200004e4   Data           2  usart.o(.data)
    __stdout                                 0x200004e8   Data           4  usart.o(.data)
    parameter_done_float                     0x200004ec   Data          20  main.o(.bss)
    parameter_done                           0x20000500   Data          10  main.o(.bss)
    USART_RX_BUF                             0x2000050a   Data         200  usart.o(.bss)
    __libspace_start                         0x200005d4   Data          96  libspace.o(.bss)
    __temporary_stack_top$libspace           0x20000634   Data           0  libspace.o(.bss)



==============================================================================

Memory Map of the image

  Image Entry point : 0x08000131

  Load Region LR_IROM1 (Base: 0x08000000, Size: 0x000092ec, Max: 0x00080000, ABSOLUTE, COMPRESSED[0x00008f48])

    Execution Region ER_IROM1 (Base: 0x08000000, Size: 0x00008e00, Max: 0x00080000, ABSOLUTE)

    Base Addr    Size         Type   Attr      Idx    E Section Name        Object

    0x08000000   0x00000130   Data   RO          172    RESET               startup_stm32f10x_hd.o
    0x08000130   0x00000008   Code   RO          672  * !!!main             c_w.l(__main.o)
    0x08000138   0x00000034   Code   RO          931    !!!scatter          c_w.l(__scatter.o)
    0x0800016c   0x0000005a   Code   RO          929    !!dczerorl2         c_w.l(__dczerorl2.o)
    0x080001c6   0x00000002   PAD
    0x080001c8   0x0000001c   Code   RO          933    !!handler_zi        c_w.l(__scatter_zi.o)
    0x080001e4   0x00000002   Code   RO          805    .ARM.Collect$$libinit$$00000000  c_w.l(libinit.o)
    0x080001e6   0x00000000   Code   RO          811    .ARM.Collect$$libinit$$00000002  c_w.l(libinit2.o)
    0x080001e6   0x00000000   Code   RO          814    .ARM.Collect$$libinit$$00000008  c_w.l(libinit2.o)
    0x080001e6   0x00000000   Code   RO          816    .ARM.Collect$$libinit$$0000000A  c_w.l(libinit2.o)
    0x080001e6   0x00000000   Code   RO          818    .ARM.Collect$$libinit$$0000000C  c_w.l(libinit2.o)
    0x080001e6   0x00000000   Code   RO          821    .ARM.Collect$$libinit$$0000000F  c_w.l(libinit2.o)
    0x080001e6   0x00000000   Code   RO          823    .ARM.Collect$$libinit$$00000011  c_w.l(libinit2.o)
    0x080001e6   0x00000000   Code   RO          825    .ARM.Collect$$libinit$$00000013  c_w.l(libinit2.o)
    0x080001e6   0x00000000   Code   RO          827    .ARM.Collect$$libinit$$00000015  c_w.l(libinit2.o)
    0x080001e6   0x00000000   Code   RO          829    .ARM.Collect$$libinit$$00000017  c_w.l(libinit2.o)
    0x080001e6   0x00000000   Code   RO          831    .ARM.Collect$$libinit$$00000019  c_w.l(libinit2.o)
    0x080001e6   0x00000000   Code   RO          833    .ARM.Collect$$libinit$$0000001B  c_w.l(libinit2.o)
    0x080001e6   0x00000000   Code   RO          835    .ARM.Collect$$libinit$$0000001D  c_w.l(libinit2.o)
    0x080001e6   0x00000000   Code   RO          837    .ARM.Collect$$libinit$$0000001F  c_w.l(libinit2.o)
    0x080001e6   0x00000000   Code   RO          839    .ARM.Collect$$libinit$$00000021  c_w.l(libinit2.o)
    0x080001e6   0x00000000   Code   RO          841    .ARM.Collect$$libinit$$00000023  c_w.l(libinit2.o)
    0x080001e6   0x00000000   Code   RO          845    .ARM.Collect$$libinit$$0000002A  c_w.l(libinit2.o)
    0x080001e6   0x00000000   Code   RO          847    .ARM.Collect$$libinit$$0000002C  c_w.l(libinit2.o)
    0x080001e6   0x00000000   Code   RO          849    .ARM.Collect$$libinit$$0000002E  c_w.l(libinit2.o)
    0x080001e6   0x00000000   Code   RO          851    .ARM.Collect$$libinit$$00000030  c_w.l(libinit2.o)
    0x080001e6   0x00000002   Code   RO          852    .ARM.Collect$$libinit$$00000031  c_w.l(libinit2.o)
    0x080001e8   0x00000002   Code   RO          872    .ARM.Collect$$libshutdown$$00000000  c_w.l(libshutdown.o)
    0x080001ea   0x00000000   Code   RO          883    .ARM.Collect$$libshutdown$$00000003  c_w.l(libshutdown2.o)
    0x080001ea   0x00000000   Code   RO          886    .ARM.Collect$$libshutdown$$00000006  c_w.l(libshutdown2.o)
    0x080001ea   0x00000000   Code   RO          889    .ARM.Collect$$libshutdown$$00000009  c_w.l(libshutdown2.o)
    0x080001ea   0x00000000   Code   RO          891    .ARM.Collect$$libshutdown$$0000000B  c_w.l(libshutdown2.o)
    0x080001ea   0x00000000   Code   RO          894    .ARM.Collect$$libshutdown$$0000000E  c_w.l(libshutdown2.o)
    0x080001ea   0x00000002   Code   RO          895    .ARM.Collect$$libshutdown$$0000000F  c_w.l(libshutdown2.o)
    0x080001ec   0x00000000   Code   RO          736    .ARM.Collect$$rtentry$$00000000  c_w.l(rtentry.o)
    0x080001ec   0x00000000   Code   RO          770    .ARM.Collect$$rtentry$$00000002  c_w.l(rtentry2.o)
    0x080001ec   0x00000006   Code   RO          782    .ARM.Collect$$rtentry$$00000004  c_w.l(rtentry4.o)
    0x080001f2   0x00000000   Code   RO          772    .ARM.Collect$$rtentry$$00000009  c_w.l(rtentry2.o)
    0x080001f2   0x00000004   Code   RO          773    .ARM.Collect$$rtentry$$0000000A  c_w.l(rtentry2.o)
    0x080001f6   0x00000000   Code   RO          775    .ARM.Collect$$rtentry$$0000000C  c_w.l(rtentry2.o)
    0x080001f6   0x00000008   Code   RO          776    .ARM.Collect$$rtentry$$0000000D  c_w.l(rtentry2.o)
    0x080001fe   0x00000002   Code   RO          808    .ARM.Collect$$rtexit$$00000000  c_w.l(rtexit.o)
    0x08000200   0x00000000   Code   RO          856    .ARM.Collect$$rtexit$$00000002  c_w.l(rtexit2.o)
    0x08000200   0x00000004   Code   RO          857    .ARM.Collect$$rtexit$$00000003  c_w.l(rtexit2.o)
    0x08000204   0x00000006   Code   RO          858    .ARM.Collect$$rtexit$$00000004  c_w.l(rtexit2.o)
    0x0800020a   0x00000002   PAD
    0x0800020c   0x00001e94   Code   RO            1    .text               main.o
    0x080020a0   0x0000001a   Code   RO          109    .text               stm32f10x_it.o
    0x080020ba   0x00000002   PAD
    0x080020bc   0x000001c8   Code   RO          141    .text               system_stm32f10x.o
    0x08002284   0x00000040   Code   RO          173    .text               startup_stm32f10x_hd.o
    0x080022c4   0x00000104   Code   RO          204    .text               scan.o
    0x080023c8   0x000001b4   Code   RO          216    .text               ad5722r.o
    0x0800257c   0x0000248c   Code   RO          228    .text               ra8875.o
    0x08004a08   0x000000ac   Code   RO          240    .text               flashstorage.o
    0x08004ab4   0x0000002c   Code   RO          255    .text               wdg.o
    0x08004ae0   0x00000100   Code   RO          267    .text               timer.o
    0x08004be0   0x0000004c   Code   RO          279    .text               control_gpio.o
    0x08004c2c   0x000000dc   Code   RO          291    .text               misc.o
    0x08004d08   0x000005b4   Code   RO          432    .text               stm32f10x_flash.o
    0x080052bc   0x00000358   Code   RO          459    .text               stm32f10x_gpio.o
    0x08005614   0x00000040   Code   RO          486    .text               stm32f10x_iwdg.o
    0x08005654   0x0000039c   Code   RO          513    .text               stm32f10x_rcc.o
    0x080059f0   0x00000e1a   Code   RO          572    .text               stm32f10x_tim.o
    0x0800680a   0x00000002   PAD
    0x0800680c   0x00000408   Code   RO          584    .text               stm32f10x_usart.o
    0x08006c14   0x000000d0   Code   RO          611    .text               delay.o
    0x08006ce4   0x00000080   Code   RO          625    .text               sys.o
    0x08006d64   0x00000144   Code   RO          641    .text               usart.o
    0x08006ea8   0x00000002   Code   RO          666    .text               c_w.l(use_no_semi_2.o)
    0x08006eaa   0x00000006   Code   RO          670    .text               c_w.l(heapauxi.o)
    0x08006eb0   0x00000002   Code   RO          734    .text               c_w.l(use_no_semi.o)
    0x08006eb2   0x00000016   Code   RO          737    .text               c_w.l(_rserrno.o)
    0x08006ec8   0x00000008   Code   RO          787    .text               c_w.l(rt_errno_addr_intlibspace.o)
    0x08006ed0   0x00000008   Code   RO          793    .text               c_w.l(libspace.o)
    0x08006ed8   0x0000004a   Code   RO          796    .text               c_w.l(sys_stackheap_outer.o)
    0x08006f22   0x0000000c   Code   RO          798    .text               c_w.l(exit.o)
    0x08006f2e   0x00000028   Code   RO          756    i.__ARM_fpclassify  m_ws.l(fpclassify.o)
    0x08006f56   0x000000aa   Code   RO          758    i.__kernel_poly     m_ws.l(poly.o)
    0x08007000   0x00000010   Code   RO          754    i.__mathlib_dbl_underflow  m_ws.l(dunder.o)
    0x08007010   0x000009e0   Code   RO          725    i.pow               m_ws.l(pow.o)
    0x080079f0   0x0000004e   Code   RO          762    i.sqrt              m_ws.l(sqrt.o)
    0x08007a3e   0x00000002   PAD
    0x08007a40   0x00000062   Code   RO          674    x$fpl$d2f           fz_ws.l(d2f.o)
    0x08007aa2   0x00000002   PAD
    0x08007aa4   0x00000150   Code   RO          676    x$fpl$dadd          fz_ws.l(daddsub_clz.o)
    0x08007bf4   0x00000010   Code   RO          789    x$fpl$dcheck1       fz_ws.l(dcheck1.o)
    0x08007c04   0x00000018   Code   RO          739    x$fpl$dcmpinf       fz_ws.l(dcmpi.o)
    0x08007c1c   0x000002b0   Code   RO          683    x$fpl$ddiv          fz_ws.l(ddiv.o)
    0x08007ecc   0x0000005a   Code   RO          686    x$fpl$dfixu         fz_ws.l(dfixu.o)
    0x08007f26   0x0000002e   Code   RO          691    x$fpl$dflt          fz_ws.l(dflt_clz.o)
    0x08007f54   0x00000026   Code   RO          690    x$fpl$dfltu         fz_ws.l(dflt_clz.o)
    0x08007f7a   0x00000002   PAD
    0x08007f7c   0x00000078   Code   RO          696    x$fpl$dleqf         fz_ws.l(dleqf.o)
    0x08007ff4   0x00000154   Code   RO          698    x$fpl$dmul          fz_ws.l(dmul.o)
    0x08008148   0x0000009c   Code   RO          741    x$fpl$dnaninf       fz_ws.l(dnaninf.o)
    0x080081e4   0x0000000c   Code   RO          743    x$fpl$dretinf       fz_ws.l(dretinf.o)
    0x080081f0   0x0000006c   Code   RO          700    x$fpl$drleqf        fz_ws.l(drleqf.o)
    0x0800825c   0x00000016   Code   RO          677    x$fpl$drsb          fz_ws.l(daddsub_clz.o)
    0x08008272   0x00000002   PAD
    0x08008274   0x000001cc   Code   RO          791    x$fpl$dsqrt         fz_ws.l(dsqrt_noumaal.o)
    0x08008440   0x000001d4   Code   RO          678    x$fpl$dsub          fz_ws.l(daddsub_clz.o)
    0x08008614   0x00000056   Code   RO          702    x$fpl$f2d           fz_ws.l(f2d.o)
    0x0800866a   0x00000002   PAD
    0x0800866c   0x000000c4   Code   RO          704    x$fpl$fadd          fz_ws.l(faddsub_clz.o)
    0x08008730   0x00000018   Code   RO          745    x$fpl$fcmpinf       fz_ws.l(fcmpi.o)
    0x08008748   0x00000184   Code   RO          711    x$fpl$fdiv          fz_ws.l(fdiv.o)
    0x080088cc   0x0000003e   Code   RO          714    x$fpl$ffixu         fz_ws.l(ffixu.o)
    0x0800890a   0x00000002   PAD
    0x0800890c   0x00000068   Code   RO          718    x$fpl$fleqf         fz_ws.l(fleqf.o)
    0x08008974   0x00000102   Code   RO          720    x$fpl$fmul          fz_ws.l(fmul.o)
    0x08008a76   0x0000008c   Code   RO          747    x$fpl$fnaninf       fz_ws.l(fnaninf.o)
    0x08008b02   0x0000000a   Code   RO          749    x$fpl$fretinf       fz_ws.l(fretinf.o)
    0x08008b0c   0x00000062   Code   RO          722    x$fpl$frleqf        fz_ws.l(frleqf.o)
    0x08008b6e   0x00000002   PAD
    0x08008b70   0x000000ea   Code   RO          706    x$fpl$fsub          fz_ws.l(faddsub_clz.o)
    0x08008c5a   0x00000064   Code   RO          806    x$fpl$retnan        fz_ws.l(retnan.o)
    0x08008cbe   0x0000005c   Code   RO          751    x$fpl$scalbn        fz_ws.l(scalbn.o)
    0x08008d1a   0x00000030   Code   RO          853    x$fpl$trapveneer    fz_ws.l(trapv.o)
    0x08008d4a   0x00000000   Code   RO          753    x$fpl$usenofp       fz_ws.l(usenofp.o)
    0x08008d4a   0x00000006   PAD
    0x08008d50   0x00000088   Data   RO          726    .constdata          m_ws.l(pow.o)
    0x08008dd8   0x00000008   Data   RO          760    .constdata          m_ws.l(qnan.o)
    0x08008de0   0x00000020   Data   RO          927    Region$$Table       anon$$obj.o


    Execution Region RW_IRAM1 (Base: 0x20000000, Size: 0x00000c38, Max: 0x00010000, ABSOLUTE, COMPRESSED[0x00000148])

    Base Addr    Size         Type   Attr      Idx    E Section Name        Object

    0x20000000   0x000004b2   Data   RW            3    .data               main.o
    0x200004b2   0x00000002   PAD
    0x200004b4   0x00000014   Data   RW          142    .data               system_stm32f10x.o
    0x200004c8   0x00000001   Data   RW          241    .data               flashstorage.o
    0x200004c9   0x00000014   Data   RW          514    .data               stm32f10x_rcc.o
    0x200004dd   0x00000001   PAD
    0x200004de   0x00000004   Data   RW          612    .data               delay.o
    0x200004e2   0x00000002   PAD
    0x200004e4   0x00000008   Data   RW          643    .data               usart.o
    0x200004ec   0x0000001e   Zero   RW            2    .bss                main.o
    0x2000050a   0x000000c8   Zero   RW          642    .bss                usart.o
    0x200005d2   0x00000002   PAD
    0x200005d4   0x00000060   Zero   RW          794    .bss                c_w.l(libspace.o)
    0x20000634   0x00000004   PAD
    0x20000638   0x00000200   Zero   RW          171    HEAP                startup_stm32f10x_hd.o
    0x20000838   0x00000400   Zero   RW          170    STACK               startup_stm32f10x_hd.o


==============================================================================

Image component sizes


      Code (inc. data)   RO Data    RW Data    ZI Data      Debug   Object Name

       436         56          0          0          0       1371   ad5722r.o
        76          8          0          0          0        640   control_gpio.o
         0          0          0          0          0         32   core_cm3.o
       208         18          0          4          0       1071   delay.o
       172         10          0          1          0       1907   flashstorage.o
      7828        782          0       1202         30     268206   main.o
       220         20          0          0          0       1857   misc.o
      9356        726          0          0          0      15720   ra8875.o
       260         22          0          0          0       1218   scan.o
        64         26        304          0       1536        780   startup_stm32f10x_hd.o
      1460         32          0          0          0       8070   stm32f10x_flash.o
       856         40          0          0          0       5701   stm32f10x_gpio.o
        26          0          0          0          0       1206   stm32f10x_it.o
        64          6          0          0          0       1293   stm32f10x_iwdg.o
       924         44          0         20          0       8892   stm32f10x_rcc.o
      3610         88          0          0          0      22184   stm32f10x_tim.o
      1032         22          0          0          0       8424   stm32f10x_usart.o
       128         12          0          0          0      15909   sys.o
       456         36          0         20          0       1827   system_stm32f10x.o
       256         10          0          0          0       1248   timer.o
       324         16          0          8        200       3166   usart.o
        44          0          0          0          0        670   wdg.o

    ----------------------------------------------------------------------
     27804       1974        336       1260       1768     371392   Object Totals
         0          0         32          0          0          0   (incl. Generated)
         4          0          0          5          2          0   (incl. Padding)

    ----------------------------------------------------------------------

      Code (inc. data)   RO Data    RW Data    ZI Data      Debug   Library Member Name

        90          0          0          0          0          0   __dczerorl2.o
         8          0          0          0          0         68   __main.o
        52          8          0          0          0          0   __scatter.o
        28          0          0          0          0          0   __scatter_zi.o
        22          0          0          0          0        100   _rserrno.o
        12          0          0          0          0         72   exit.o
         6          0          0          0          0        152   heapauxi.o
         2          0          0          0          0          0   libinit.o
         2          0          0          0          0          0   libinit2.o
         2          0          0          0          0          0   libshutdown.o
         2          0          0          0          0          0   libshutdown2.o
         8          4          0          0         96         68   libspace.o
         8          4          0          0          0         68   rt_errno_addr_intlibspace.o
         0          0          0          0          0          0   rtentry.o
        12          0          0          0          0          0   rtentry2.o
         6          0          0          0          0          0   rtentry4.o
         2          0          0          0          0          0   rtexit.o
        10          0          0          0          0          0   rtexit2.o
        74          0          0          0          0         80   sys_stackheap_outer.o
         2          0          0          0          0         68   use_no_semi.o
         2          0          0          0          0         68   use_no_semi_2.o
        98          4          0          0          0         92   d2f.o
       826         16          0          0          0        356   daddsub_clz.o
        16          4          0          0          0         68   dcheck1.o
        24          0          0          0          0         68   dcmpi.o
       688        140          0          0          0        212   ddiv.o
        90          4          0          0          0         92   dfixu.o
        84          0          0          0          0        136   dflt_clz.o
       120          4          0          0          0         92   dleqf.o
       340         12          0          0          0        104   dmul.o
       156          4          0          0          0         92   dnaninf.o
        12          0          0          0          0         68   dretinf.o
       108          0          0          0          0         80   drleqf.o
       460         56          0          0          0        120   dsqrt_noumaal.o
        86          4          0          0          0         84   f2d.o
       430          8          0          0          0        168   faddsub_clz.o
        24          0          0          0          0         68   fcmpi.o
       388         76          0          0          0         96   fdiv.o
        62          4          0          0          0         84   ffixu.o
       104          4          0          0          0         84   fleqf.o
       258          4          0          0          0         84   fmul.o
       140          4          0          0          0         84   fnaninf.o
        10          0          0          0          0         68   fretinf.o
        98          0          0          0          0         68   frleqf.o
       100          0          0          0          0         68   retnan.o
        92          0          0          0          0         68   scalbn.o
        48          0          0          0          0         68   trapv.o
         0          0          0          0          0          0   usenofp.o
        16          6          0          0          0         68   dunder.o
        40          0          0          0          0         68   fpclassify.o
       170          0          0          0          0         96   poly.o
      2528        190        136          0          0        316   pow.o
         0          0          8          0          0          0   qnan.o
        78          0          0          0          0         84   sqrt.o

    ----------------------------------------------------------------------
      8068        560        144          0        100       4048   Library Totals
        24          0          0          0          4          0   (incl. Padding)

    ----------------------------------------------------------------------

      Code (inc. data)   RO Data    RW Data    ZI Data      Debug   Library Name

       350         16          0          0         96        744   c_w.l
      4862        348          0          0          0       2672   fz_ws.l
      2832        196        144          0          0        632   m_ws.l

    ----------------------------------------------------------------------
      8068        560        144          0        100       4048   Library Totals

    ----------------------------------------------------------------------

==============================================================================


      Code (inc. data)   RO Data    RW Data    ZI Data      Debug   

     35872       2534        480       1260       1868     371384   Grand Totals
     35872       2534        480        328       1868     371384   ELF Image Totals (compressed)
     35872       2534        480        328          0          0   ROM Totals

==============================================================================

    Total RO  Size (Code + RO Data)                36352 (  35.50kB)
    Total RW  Size (RW Data + ZI Data)              3128 (   3.05kB)
    Total ROM Size (Code + RO Data + RW Data)      36680 (  35.82kB)

==============================================================================

