<html>
<body>
<pre>
<h1>礦ision Build Log</h1>
<h2>Project:</h2>
E:\武汉市凯瑞迪\公司产品或项目\激光清洗\YAG激光清洗\ControlSystemOfLaserClean\USER\LaserClean.uvproj
Project File Date:  04/07/2016

<h2>Output:</h2>
Build target 'Target 1'
compiling main.c...
main.c(570): warning:  #111-D: statement is unreachable
main.c(91): warning:  #177-D: variable "temp" was declared but never referenced
main.c(1796): warning:  #1-D: last line of file ends without a newline
linking...
Program Size: Code=35872 RO-data=480 RW-data=1260 ZI-data=1868  
FromELF: creating hex file...
"LaserClean.axf" - 0 Error(s), 3 Warning(s).
Rebuild target 'Target 1'
compiling main.c...
main.c(570): warning:  #111-D: statement is unreachable
main.c(91): warning:  #177-D: variable "temp" was declared but never referenced
main.c(1796): warning:  #1-D: last line of file ends without a newline
compiling stm32f10x_it.c...
compiling system_stm32f10x.c...
compiling core_cm3.c...
assembling startup_stm32f10x_hd.s...
compiling exti.c...
compiling LCD.c...
..\HARDWARE\LCD\LCD.c(278): warning:  #223-D: function "strlen" declared implicitly
compiling scan.c...
compiling AD5722R.c...
compiling RA8875.c...
..\HARDWARE\RA8875\RA8875.c(522): warning:  #175-D: subscript out of range
..\HARDWARE\RA8875\RA8875.c(526): warning:  #175-D: subscript out of range
..\HARDWARE\RA8875\RA8875.c(537): warning:  #175-D: subscript out of range
..\HARDWARE\RA8875\RA8875.c(549): warning:  #175-D: subscript out of range
..\HARDWARE\RA8875\RA8875.c(559): warning:  #69-D: integer conversion resulted in truncation
..\HARDWARE\RA8875\RA8875.c(560): warning:  #69-D: integer conversion resulted in truncation
..\HARDWARE\RA8875\RA8875.c(563): warning:  #69-D: integer conversion resulted in truncation
..\HARDWARE\RA8875\RA8875.c(564): warning:  #69-D: integer conversion resulted in truncation
..\HARDWARE\RA8875\RA8875.c(1364): warning:  #177-D: variable "total_number" was declared but never referenced
..\HARDWARE\RA8875\RA8875.c(567): warning: C3488E: write to variable 'tabx' with offset out of bounds
..\HARDWARE\RA8875\RA8875.c(567): warning: C3488E: write to variable 'taby' with offset out of bounds
..\HARDWARE\RA8875\RA8875.c(567): warning: C3487E: read from variable 'tabx' with offset out of bounds
..\HARDWARE\RA8875\RA8875.c(567): warning: C3488E: write to variable 'tabx' with offset out of bounds
..\HARDWARE\RA8875\RA8875.c(567): warning: C3487E: read from variable 'taby' with offset out of bounds
..\HARDWARE\RA8875\RA8875.c(567): warning: C3488E: write to variable 'taby' with offset out of bounds
compiling FlashStorage.c...
compiling wdg.c...
compiling timer.c...
compiling control_gpio.c...
..\HARDWARE\control_gpio\control_gpio.c(23): warning:  #177-D: variable "EXTI_InitStructure" was declared but never referenced
..\HARDWARE\control_gpio\control_gpio.c(24): warning:  #177-D: variable "NVIC_InitStructure" was declared but never referenced
compiling misc.c...
compiling stm32f10x_adc.c...
compiling stm32f10x_bkp.c...
compiling stm32f10x_can.c...
compiling stm32f10x_cec.c...
compiling stm32f10x_crc.c...
compiling stm32f10x_dac.c...
compiling stm32f10x_dbgmcu.c...
compiling stm32f10x_dma.c...
compiling stm32f10x_exti.c...
compiling stm32f10x_flash.c...
compiling stm32f10x_fsmc.c...
compiling stm32f10x_gpio.c...
compiling stm32f10x_i2c.c...
compiling stm32f10x_iwdg.c...
compiling stm32f10x_pwr.c...
compiling stm32f10x_rcc.c...
compiling stm32f10x_rtc.c...
compiling stm32f10x_sdio.c...
compiling stm32f10x_spi.c...
compiling stm32f10x_tim.c...
compiling stm32f10x_usart.c...
compiling stm32f10x_wwdg.c...
compiling delay.c...
compiling sys.c...
compiling usart.c...
linking...
Program Size: Code=35872 RO-data=480 RW-data=1260 ZI-data=1868  
FromELF: creating hex file...
"LaserClean.axf" - 0 Error(s), 21 Warning(s).
Build target 'Target 1'
linking...
Program Size: Code=35872 RO-data=480 RW-data=1260 ZI-data=1868  
FromELF: creating hex file...
"LaserClean.axf" - 0 Error(s), 0 Warning(s).
Build target 'Target 1'
compiling scan.c...
linking...
Program Size: Code=35872 RO-data=480 RW-data=1260 ZI-data=1868  
FromELF: creating hex file...
"LaserClean.axf" - 0 Error(s), 0 Warning(s).
Build target 'Target 1'
linking...
Program Size: Code=35872 RO-data=480 RW-data=1260 ZI-data=1868  
FromELF: creating hex file...
"LaserClean.axf" - 0 Error(s), 0 Warning(s).
